19:03:14 **** Incremental Build of configuration Debug for project ArmuroL432 ****
make -j8 all 
arm-none-eabi-gcc "../Core/Src/main.c" -mcpu=cortex-m4 -std=gnu11 -g3 -DDEBUG -DUSE_HAL_DRIVER -DSTM32L432xx -c -I../Core/Inc -I../Drivers/STM32L4xx_HAL_Driver/Inc -I../Drivers/STM32L4xx_HAL_Driver/Inc/Legacy -I../Drivers/CMSIS/Device/ST/STM32L4xx/Include -I../Drivers/CMSIS/Include -O0 -ffunction-sections -fdata-sections -Wall -fstack-usage -fcyclomatic-complexity -MMD -MP -MF"Core/Src/main.d" -MT"Core/Src/main.o" --specs=nano.specs -mfpu=fpv4-sp-d16 -mfloat-abi=hard -mthumb -o "Core/Src/main.o"
../Core/Src/main.c: In function 'main':
../Core/Src/main.c:148:42: error: 'LED5_Pin' undeclared (first use in this function); did you mean 'LD3_Pin'?
  148 |                 HAL_GPIO_WritePin(GPIOA, LED5_Pin, GPIO_PIN_SET);
      |                                          ^~~~~~~~
      |                                          LD3_Pin
../Core/Src/main.c:148:42: note: each undeclared identifier is reported only once for each function it appears in
make: *** [Core/Src/subdir.mk:49: Core/Src/main.o] Error 1
"make -j8 all" terminated with exit code 2. Build might be incomplete.
19:06:01 **** Incremental Build of configuration Debug for project ArmuroL432 ****
make -j8 all 
arm-none-eabi-gcc "../Core/Src/adc.c" -mcpu=cortex-m4 -std=gnu11 -g3 -DDEBUG -DUSE_HAL_DRIVER -DSTM32L432xx -c -I../Core/Inc -I../Drivers/STM32L4xx_HAL_Driver/Inc -I../Drivers/STM32L4xx_HAL_Driver/Inc/Legacy -I../Drivers/CMSIS/Device/ST/STM32L4xx/Include -I../Drivers/CMSIS/Include -O0 -ffunction-sections -fdata-sections -Wall -fstack-usage -fcyclomatic-complexity -MMD -MP -MF"Core/Src/adc.d" -MT"Core/Src/adc.o" --specs=nano.specs -mfpu=fpv4-sp-d16 -mfloat-abi=hard -mthumb -o "Core/Src/adc.o"
arm-none-eabi-gcc "../Core/Src/dma.c" -mcpu=cortex-m4 -std=gnu11 -g3 -DDEBUG -DUSE_HAL_DRIVER -DSTM32L432xx -c -I../Core/Inc -I../Drivers/STM32L4xx_HAL_Driver/Inc -I../Drivers/STM32L4xx_HAL_Driver/Inc/Legacy -I../Drivers/CMSIS/Device/ST/STM32L4xx/Include -I../Drivers/CMSIS/Include -O0 -ffunction-sections -fdata-sections -Wall -fstack-usage -fcyclomatic-complexity -MMD -MP -MF"Core/Src/dma.d" -MT"Core/Src/dma.o" --specs=nano.specs -mfpu=fpv4-sp-d16 -mfloat-abi=hard -mthumb -o "Core/Src/dma.o"
arm-none-eabi-gcc "../Core/Src/gpio.c" -mcpu=cortex-m4 -std=gnu11 -g3 -DDEBUG -DUSE_HAL_DRIVER -DSTM32L432xx -c -I../Core/Inc -I../Drivers/STM32L4xx_HAL_Driver/Inc -I../Drivers/STM32L4xx_HAL_Driver/Inc/Legacy -I../Drivers/CMSIS/Device/ST/STM32L4xx/Include -I../Drivers/CMSIS/Include -O0 -ffunction-sections -fdata-sections -Wall -fstack-usage -fcyclomatic-complexity -MMD -MP -MF"Core/Src/gpio.d" -MT"Core/Src/gpio.o" --specs=nano.specs -mfpu=fpv4-sp-d16 -mfloat-abi=hard -mthumb -o "Core/Src/gpio.o"
arm-none-eabi-gcc "../Core/Src/main.c" -mcpu=cortex-m4 -std=gnu11 -g3 -DDEBUG -DUSE_HAL_DRIVER -DSTM32L432xx -c -I../Core/Inc -I../Drivers/STM32L4xx_HAL_Driver/Inc -I../Drivers/STM32L4xx_HAL_Driver/Inc/Legacy -I../Drivers/CMSIS/Device/ST/STM32L4xx/Include -I../Drivers/CMSIS/Include -O0 -ffunction-sections -fdata-sections -Wall -fstack-usage -fcyclomatic-complexity -MMD -MP -MF"Core/Src/main.d" -MT"Core/Src/main.o" --specs=nano.specs -mfpu=fpv4-sp-d16 -mfloat-abi=hard -mthumb -o "Core/Src/main.o"
arm-none-eabi-gcc "../Core/Src/stm32l4xx_hal_msp.c" -mcpu=cortex-m4 -std=gnu11 -g3 -DDEBUG -DUSE_HAL_DRIVER -DSTM32L432xx -c -I../Core/Inc -I../Drivers/STM32L4xx_HAL_Driver/Inc -I../Drivers/STM32L4xx_HAL_Driver/Inc/Legacy -I../Drivers/CMSIS/Device/ST/STM32L4xx/Include -I../Drivers/CMSIS/Include -O0 -ffunction-sections -fdata-sections -Wall -fstack-usage -fcyclomatic-complexity -MMD -MP -MF"Core/Src/stm32l4xx_hal_msp.d" -MT"Core/Src/stm32l4xx_hal_msp.o" --specs=nano.specs -mfpu=fpv4-sp-d16 -mfloat-abi=hard -mthumb -o "Core/Src/stm32l4xx_hal_msp.o"
arm-none-eabi-gcc "../Core/Src/stm32l4xx_it.c" -mcpu=cortex-m4 -std=gnu11 -g3 -DDEBUG -DUSE_HAL_DRIVER -DSTM32L432xx -c -I../Core/Inc -I../Drivers/STM32L4xx_HAL_Driver/Inc -I../Drivers/STM32L4xx_HAL_Driver/Inc/Legacy -I../Drivers/CMSIS/Device/ST/STM32L4xx/Include -I../Drivers/CMSIS/Include -O0 -ffunction-sections -fdata-sections -Wall -fstack-usage -fcyclomatic-complexity -MMD -MP -MF"Core/Src/stm32l4xx_it.d" -MT"Core/Src/stm32l4xx_it.o" --specs=nano.specs -mfpu=fpv4-sp-d16 -mfloat-abi=hard -mthumb -o "Core/Src/stm32l4xx_it.o"
arm-none-eabi-gcc "../Core/Src/tim.c" -mcpu=cortex-m4 -std=gnu11 -g3 -DDEBUG -DUSE_HAL_DRIVER -DSTM32L432xx -c -I../Core/Inc -I../Drivers/STM32L4xx_HAL_Driver/Inc -I../Drivers/STM32L4xx_HAL_Driver/Inc/Legacy -I../Drivers/CMSIS/Device/ST/STM32L4xx/Include -I../Drivers/CMSIS/Include -O0 -ffunction-sections -fdata-sections -Wall -fstack-usage -fcyclomatic-complexity -MMD -MP -MF"Core/Src/tim.d" -MT"Core/Src/tim.o" --specs=nano.specs -mfpu=fpv4-sp-d16 -mfloat-abi=hard -mthumb -o "Core/Src/tim.o"
arm-none-eabi-gcc "../Core/Src/usart.c" -mcpu=cortex-m4 -std=gnu11 -g3 -DDEBUG -DUSE_HAL_DRIVER -DSTM32L432xx -c -I../Core/Inc -I../Drivers/STM32L4xx_HAL_Driver/Inc -I../Drivers/STM32L4xx_HAL_Driver/Inc/Legacy -I../Drivers/CMSIS/Device/ST/STM32L4xx/Include -I../Drivers/CMSIS/Include -O0 -ffunction-sections -fdata-sections -Wall -fstack-usage -fcyclomatic-complexity -MMD -MP -MF"Core/Src/usart.d" -MT"Core/Src/usart.o" --specs=nano.specs -mfpu=fpv4-sp-d16 -mfloat-abi=hard -mthumb -o "Core/Src/usart.o"
../Core/Src/main.c: In function 'Read_Sensors':
../Core/Src/main.c:93:5: warning: implicit declaration of function 'printf' [-Wimplicit-function-declaration]
   93 |     printf("ADC Value: %d\n", adc_value);
      |     ^~~~~~
../Core/Src/main.c:26:1: note: include '<stdio.h>' or provide a declaration of 'printf'
   25 | #include "gpio.h"
  +++ |+#include <stdio.h>
   26 | 
../Core/Src/main.c:93:5: warning: incompatible implicit declaration of built-in function 'printf' [-Wbuiltin-declaration-mismatch]
   93 |     printf("ADC Value: %d\n", adc_value);
      |     ^~~~~~
../Core/Src/main.c:93:5: note: include '<stdio.h>' or provide a declaration of 'printf'
arm-none-eabi-gcc -o "ArmuroL432.elf" @"objects.list"   -mcpu=cortex-m4 -T"C:\Users\I744722\STM32CubeIDE\workspace_1.15.1\ArmuroL432\STM32L432KCUX_FLASH.ld" --specs=nosys.specs -Wl,-Map="ArmuroL432.map" -Wl,--gc-sections -static --specs=nano.specs -mfpu=fpv4-sp-d16 -mfloat-abi=hard -mthumb -Wl,--start-group -lc -lm -Wl,--end-group
Finished building target: ArmuroL432.elf
 
arm-none-eabi-size  ArmuroL432.elf 
arm-none-eabi-objdump -h -S ArmuroL432.elf  > "ArmuroL432.list"
   text	   data	    bss	    dec	    hex	filename
  24760	    104	   2288	  27152	   6a10	ArmuroL432.elf
Finished building: default.size.stdout
 
Finished building: ArmuroL432.list
 
19:07:04 **** Incremental Build of configuration Debug for project ArmuroL432 ****
make -j8 all 
arm-none-eabi-gcc "../Core/Src/main.c" -mcpu=cortex-m4 -std=gnu11 -g3 -DDEBUG -DUSE_HAL_DRIVER -DSTM32L432xx -c -I../Core/Inc -I../Drivers/STM32L4xx_HAL_Driver/Inc -I../Drivers/STM32L4xx_HAL_Driver/Inc/Legacy -I../Drivers/CMSIS/Device/ST/STM32L4xx/Include -I../Drivers/CMSIS/Include -O0 -ffunction-sections -fdata-sections -Wall -fstack-usage -fcyclomatic-complexity -MMD -MP -MF"Core/Src/main.d" -MT"Core/Src/main.o" --specs=nano.specs -mfpu=fpv4-sp-d16 -mfloat-abi=hard -mthumb -o "Core/Src/main.o"
../Core/Src/main.c: In function 'Read_Sensors':
../Core/Src/main.c:92:9: warning: unused variable 'adc_value' [-Wunused-variable]
   92 |     int adc_value = HAL_ADC_GetValue(&hadc1);
      |         ^~~~~~~~~
arm-none-eabi-gcc -o "ArmuroL432.elf" @"objects.list"   -mcpu=cortex-m4 -T"C:\Users\I744722\STM32CubeIDE\workspace_1.15.1\ArmuroL432\STM32L432KCUX_FLASH.ld" --specs=nosys.specs -Wl,-Map="ArmuroL432.map" -Wl,--gc-sections -static --specs=nano.specs -mfpu=fpv4-sp-d16 -mfloat-abi=hard -mthumb -Wl,--start-group -lc -lm -Wl,--end-group
Finished building target: ArmuroL432.elf
 
arm-none-eabi-size  ArmuroL432.elf 
arm-none-eabi-objdump -h -S ArmuroL432.elf  > "ArmuroL432.list"
   text	   data	    bss	    dec	    hex	filename
  20600	     12	   1948	  22560	   5820	ArmuroL432.elf
Finished building: default.size.stdout
 
Finished building: ArmuroL432.list
 
22:55:54 **** Incremental Build of configuration Debug for project ArmuroL432 ****
make -j8 all 
arm-none-eabi-gcc "../Core/Src/main.c" -mcpu=cortex-m4 -std=gnu11 -g3 -DDEBUG -DUSE_HAL_DRIVER -DSTM32L432xx -c -I../Core/Inc -I../Drivers/STM32L4xx_HAL_Driver/Inc -I../Drivers/STM32L4xx_HAL_Driver/Inc/Legacy -I../Drivers/CMSIS/Device/ST/STM32L4xx/Include -I../Drivers/CMSIS/Include -O0 -ffunction-sections -fdata-sections -Wall -fstack-usage -fcyclomatic-complexity -MMD -MP -MF"Core/Src/main.d" -MT"Core/Src/main.o" --specs=nano.specs -mfpu=fpv4-sp-d16 -mfloat-abi=hard -mthumb -o "Core/Src/main.o"
../Core/Src/main.c: In function 'driveDemo':
../Core/Src/main.c:116:11: warning: implicit declaration of function 'setSpeed_left' [-Wimplicit-function-declaration]
  116 |           setSpeed_left(speed, 1);
      |           ^~~~~~~~~~~~~
../Core/Src/main.c:117:11: warning: implicit declaration of function 'setSpeed_right' [-Wimplicit-function-declaration]
  117 |           setSpeed_right(speed, 1);
      |           ^~~~~~~~~~~~~~
arm-none-eabi-gcc -o "ArmuroL432.elf" @"objects.list"   -mcpu=cortex-m4 -T"C:\Users\I744722\STM32CubeIDE\workspace_1.15.1\ArmuroL432\STM32L432KCUX_FLASH.ld" --specs=nosys.specs -Wl,-Map="ArmuroL432.map" -Wl,--gc-sections -static --specs=nano.specs -mfpu=fpv4-sp-d16 -mfloat-abi=hard -mthumb -Wl,--start-group -lc -lm -Wl,--end-group
Finished building target: ArmuroL432.elf
 
arm-none-eabi-size  ArmuroL432.elf 
arm-none-eabi-objdump -h -S ArmuroL432.elf  > "ArmuroL432.list"
   text	   data	    bss	    dec	    hex	filename
  20508	     12	   1948	  22468	   57c4	ArmuroL432.elf
Finished building: default.size.stdout
 
Finished building: ArmuroL432.list
 
22:57:22 **** Incremental Build of configuration Debug for project ArmuroL432 ****
make -j8 all 
arm-none-eabi-gcc "../Core/Src/main.c" -mcpu=cortex-m4 -std=gnu11 -g3 -DDEBUG -DUSE_HAL_DRIVER -DSTM32L432xx -c -I../Core/Inc -I../Drivers/STM32L4xx_HAL_Driver/Inc -I../Drivers/STM32L4xx_HAL_Driver/Inc/Legacy -I../Drivers/CMSIS/Device/ST/STM32L4xx/Include -I../Drivers/CMSIS/Include -O0 -ffunction-sections -fdata-sections -Wall -fstack-usage -fcyclomatic-complexity -MMD -MP -MF"Core/Src/main.d" -MT"Core/Src/main.o" --specs=nano.specs -mfpu=fpv4-sp-d16 -mfloat-abi=hard -mthumb -o "Core/Src/main.o"
arm-none-eabi-gcc -o "ArmuroL432.elf" @"objects.list"   -mcpu=cortex-m4 -T"C:\Users\I744722\STM32CubeIDE\workspace_1.15.1\ArmuroL432\STM32L432KCUX_FLASH.ld" --specs=nosys.specs -Wl,-Map="ArmuroL432.map" -Wl,--gc-sections -static --specs=nano.specs -mfpu=fpv4-sp-d16 -mfloat-abi=hard -mthumb -Wl,--start-group -lc -lm -Wl,--end-group
Finished building target: ArmuroL432.elf
 
arm-none-eabi-size  ArmuroL432.elf 
arm-none-eabi-objdump -h -S ArmuroL432.elf  > "ArmuroL432.list"
   text	   data	    bss	    dec	    hex	filename
  20508	     12	   1948	  22468	   57c4	ArmuroL432.elf
Finished building: default.size.stdout
 
Finished building: ArmuroL432.list
 
22:59:50 **** Incremental Build of configuration Debug for project ArmuroL432 ****
make -j8 all 
arm-none-eabi-gcc "../Core/Src/main.c" -mcpu=cortex-m4 -std=gnu11 -g3 -DDEBUG -DUSE_HAL_DRIVER -DSTM32L432xx -c -I../Core/Inc -I../Drivers/STM32L4xx_HAL_Driver/Inc -I../Drivers/STM32L4xx_HAL_Driver/Inc/Legacy -I../Drivers/CMSIS/Device/ST/STM32L4xx/Include -I../Drivers/CMSIS/Include -O0 -ffunction-sections -fdata-sections -Wall -fstack-usage -fcyclomatic-complexity -MMD -MP -MF"Core/Src/main.d" -MT"Core/Src/main.o" --specs=nano.specs -mfpu=fpv4-sp-d16 -mfloat-abi=hard -mthumb -o "Core/Src/main.o"
arm-none-eabi-gcc -o "ArmuroL432.elf" @"objects.list"   -mcpu=cortex-m4 -T"C:\Users\I744722\STM32CubeIDE\workspace_1.15.1\ArmuroL432\STM32L432KCUX_FLASH.ld" --specs=nosys.specs -Wl,-Map="ArmuroL432.map" -Wl,--gc-sections -static --specs=nano.specs -mfpu=fpv4-sp-d16 -mfloat-abi=hard -mthumb -Wl,--start-group -lc -lm -Wl,--end-group
Finished building target: ArmuroL432.elf
 
arm-none-eabi-size  ArmuroL432.elf 
arm-none-eabi-objdump -h -S ArmuroL432.elf  > "ArmuroL432.list"
   text	   data	    bss	    dec	    hex	filename
  20508	     12	   1948	  22468	   57c4	ArmuroL432.elf
Finished building: default.size.stdout
 
Finished building: ArmuroL432.list
 
23:01:01 **** Incremental Build of configuration Debug for project ArmuroL432 ****
make -j8 all 
arm-none-eabi-gcc "../Core/Src/main.c" -mcpu=cortex-m4 -std=gnu11 -g3 -DDEBUG -DUSE_HAL_DRIVER -DSTM32L432xx -c -I../Core/Inc -I../Drivers/STM32L4xx_HAL_Driver/Inc -I../Drivers/STM32L4xx_HAL_Driver/Inc/Legacy -I../Drivers/CMSIS/Device/ST/STM32L4xx/Include -I../Drivers/CMSIS/Include -O0 -ffunction-sections -fdata-sections -Wall -fstack-usage -fcyclomatic-complexity -MMD -MP -MF"Core/Src/main.d" -MT"Core/Src/main.o" --specs=nano.specs -mfpu=fpv4-sp-d16 -mfloat-abi=hard -mthumb -o "Core/Src/main.o"
../Core/Src/main.c: In function 'main':
../Core/Src/main.c:193:9: warning: 'return' with no value, in function returning non-void [-Wreturn-type]
  193 |         return;
      |         ^~~~~~
../Core/Src/main.c:139:5: note: declared here
  139 | int main(void)
      |     ^~~~
arm-none-eabi-gcc -o "ArmuroL432.elf" @"objects.list"   -mcpu=cortex-m4 -T"C:\Users\I744722\STM32CubeIDE\workspace_1.15.1\ArmuroL432\STM32L432KCUX_FLASH.ld" --specs=nosys.specs -Wl,-Map="ArmuroL432.map" -Wl,--gc-sections -static --specs=nano.specs -mfpu=fpv4-sp-d16 -mfloat-abi=hard -mthumb -Wl,--start-group -lc -lm -Wl,--end-group
Finished building target: ArmuroL432.elf
 
arm-none-eabi-size  ArmuroL432.elf 
arm-none-eabi-objdump -h -S ArmuroL432.elf  > "ArmuroL432.list"
   text	   data	    bss	    dec	    hex	filename
  20940	     16	   1952	  22908	   597c	ArmuroL432.elf
Finished building: default.size.stdout
 
Finished building: ArmuroL432.list
 
23:04:08 **** Incremental Build of configuration Debug for project ArmuroL432 ****
make -j8 all 
arm-none-eabi-gcc "../Core/Src/main.c" -mcpu=cortex-m4 -std=gnu11 -g3 -DDEBUG -DUSE_HAL_DRIVER -DSTM32L432xx -c -I../Core/Inc -I../Drivers/STM32L4xx_HAL_Driver/Inc -I../Drivers/STM32L4xx_HAL_Driver/Inc/Legacy -I../Drivers/CMSIS/Device/ST/STM32L4xx/Include -I../Drivers/CMSIS/Include -O0 -ffunction-sections -fdata-sections -Wall -fstack-usage -fcyclomatic-complexity -MMD -MP -MF"Core/Src/main.d" -MT"Core/Src/main.o" --specs=nano.specs -mfpu=fpv4-sp-d16 -mfloat-abi=hard -mthumb -o "Core/Src/main.o"
arm-none-eabi-gcc -o "ArmuroL432.elf" @"objects.list"   -mcpu=cortex-m4 -T"C:\Users\I744722\STM32CubeIDE\workspace_1.15.1\ArmuroL432\STM32L432KCUX_FLASH.ld" --specs=nosys.specs -Wl,-Map="ArmuroL432.map" -Wl,--gc-sections -static --specs=nano.specs -mfpu=fpv4-sp-d16 -mfloat-abi=hard -mthumb -Wl,--start-group -lc -lm -Wl,--end-group
Finished building target: ArmuroL432.elf
 
arm-none-eabi-size  ArmuroL432.elf 
arm-none-eabi-objdump -h -S ArmuroL432.elf  > "ArmuroL432.list"
   text	   data	    bss	    dec	    hex	filename
  20936	     16	   1952	  22904	   5978	ArmuroL432.elf
Finished building: default.size.stdout
 
Finished building: ArmuroL432.list
 
23:05:01 **** Incremental Build of configuration Debug for project ArmuroL432 ****
make -j8 all 
arm-none-eabi-gcc "../Core/Src/main.c" -mcpu=cortex-m4 -std=gnu11 -g3 -DDEBUG -DUSE_HAL_DRIVER -DSTM32L432xx -c -I../Core/Inc -I../Drivers/STM32L4xx_HAL_Driver/Inc -I../Drivers/STM32L4xx_HAL_Driver/Inc/Legacy -I../Drivers/CMSIS/Device/ST/STM32L4xx/Include -I../Drivers/CMSIS/Include -O0 -ffunction-sections -fdata-sections -Wall -fstack-usage -fcyclomatic-complexity -MMD -MP -MF"Core/Src/main.d" -MT"Core/Src/main.o" --specs=nano.specs -mfpu=fpv4-sp-d16 -mfloat-abi=hard -mthumb -o "Core/Src/main.o"
arm-none-eabi-gcc -o "ArmuroL432.elf" @"objects.list"   -mcpu=cortex-m4 -T"C:\Users\I744722\STM32CubeIDE\workspace_1.15.1\ArmuroL432\STM32L432KCUX_FLASH.ld" --specs=nosys.specs -Wl,-Map="ArmuroL432.map" -Wl,--gc-sections -static --specs=nano.specs -mfpu=fpv4-sp-d16 -mfloat-abi=hard -mthumb -Wl,--start-group -lc -lm -Wl,--end-group
Finished building target: ArmuroL432.elf
 
arm-none-eabi-size  ArmuroL432.elf 
arm-none-eabi-objdump -h -S ArmuroL432.elf  > "ArmuroL432.list"
   text	   data	    bss	    dec	    hex	filename
  20940	     16	   1952	  22908	   597c	ArmuroL432.elf
Finished building: default.size.stdout
 
Finished building: ArmuroL432.list
 
23:06:56 **** Incremental Build of configuration Debug for project ArmuroL432 ****
make -j8 all 
arm-none-eabi-gcc "../Core/Src/main.c" -mcpu=cortex-m4 -std=gnu11 -g3 -DDEBUG -DUSE_HAL_DRIVER -DSTM32L432xx -c -I../Core/Inc -I../Drivers/STM32L4xx_HAL_Driver/Inc -I../Drivers/STM32L4xx_HAL_Driver/Inc/Legacy -I../Drivers/CMSIS/Device/ST/STM32L4xx/Include -I../Drivers/CMSIS/Include -O0 -ffunction-sections -fdata-sections -Wall -fstack-usage -fcyclomatic-complexity -MMD -MP -MF"Core/Src/main.d" -MT"Core/Src/main.o" --specs=nano.specs -mfpu=fpv4-sp-d16 -mfloat-abi=hard -mthumb -o "Core/Src/main.o"
../Core/Src/main.c: In function 'driveDemo':
../Core/Src/main.c:137:13: error: redefinition of 'speed'
  137 |         int speed = 30000;
      |             ^~~~~
../Core/Src/main.c:117:13: note: previous definition of 'speed' with type 'int'
  117 |         int speed = 30000;
      |             ^~~~~
make: *** [Core/Src/subdir.mk:49: Core/Src/main.o] Error 1
"make -j8 all" terminated with exit code 2. Build might be incomplete.
23:07:18 **** Incremental Build of configuration Debug for project ArmuroL432 ****
make -j8 all 
arm-none-eabi-gcc "../Core/Src/main.c" -mcpu=cortex-m4 -std=gnu11 -g3 -DDEBUG -DUSE_HAL_DRIVER -DSTM32L432xx -c -I../Core/Inc -I../Drivers/STM32L4xx_HAL_Driver/Inc -I../Drivers/STM32L4xx_HAL_Driver/Inc/Legacy -I../Drivers/CMSIS/Device/ST/STM32L4xx/Include -I../Drivers/CMSIS/Include -O0 -ffunction-sections -fdata-sections -Wall -fstack-usage -fcyclomatic-complexity -MMD -MP -MF"Core/Src/main.d" -MT"Core/Src/main.o" --specs=nano.specs -mfpu=fpv4-sp-d16 -mfloat-abi=hard -mthumb -o "Core/Src/main.o"
arm-none-eabi-gcc -o "ArmuroL432.elf" @"objects.list"   -mcpu=cortex-m4 -T"C:\Users\I744722\STM32CubeIDE\workspace_1.15.1\ArmuroL432\STM32L432KCUX_FLASH.ld" --specs=nosys.specs -Wl,-Map="ArmuroL432.map" -Wl,--gc-sections -static --specs=nano.specs -mfpu=fpv4-sp-d16 -mfloat-abi=hard -mthumb -Wl,--start-group -lc -lm -Wl,--end-group
Finished building target: ArmuroL432.elf
 
arm-none-eabi-size  ArmuroL432.elf 
arm-none-eabi-objdump -h -S ArmuroL432.elf  > "ArmuroL432.list"
   text	   data	    bss	    dec	    hex	filename
  20980	     16	   1952	  22948	   59a4	ArmuroL432.elf
Finished building: default.size.stdout
 
Finished building: ArmuroL432.list
 
23:09:11 **** Incremental Build of configuration Debug for project ArmuroL432 ****
make -j8 all 
arm-none-eabi-gcc "../Core/Src/main.c" -mcpu=cortex-m4 -std=gnu11 -g3 -DDEBUG -DUSE_HAL_DRIVER -DSTM32L432xx -c -I../Core/Inc -I../Drivers/STM32L4xx_HAL_Driver/Inc -I../Drivers/STM32L4xx_HAL_Driver/Inc/Legacy -I../Drivers/CMSIS/Device/ST/STM32L4xx/Include -I../Drivers/CMSIS/Include -O0 -ffunction-sections -fdata-sections -Wall -fstack-usage -fcyclomatic-complexity -MMD -MP -MF"Core/Src/main.d" -MT"Core/Src/main.o" --specs=nano.specs -mfpu=fpv4-sp-d16 -mfloat-abi=hard -mthumb -o "Core/Src/main.o"
arm-none-eabi-gcc -o "ArmuroL432.elf" @"objects.list"   -mcpu=cortex-m4 -T"C:\Users\I744722\STM32CubeIDE\workspace_1.15.1\ArmuroL432\STM32L432KCUX_FLASH.ld" --specs=nosys.specs -Wl,-Map="ArmuroL432.map" -Wl,--gc-sections -static --specs=nano.specs -mfpu=fpv4-sp-d16 -mfloat-abi=hard -mthumb -Wl,--start-group -lc -lm -Wl,--end-group
Finished building target: ArmuroL432.elf
 
arm-none-eabi-size  ArmuroL432.elf 
arm-none-eabi-objdump -h -S ArmuroL432.elf  > "ArmuroL432.list"
   text	   data	    bss	    dec	    hex	filename
  21020	     16	   1952	  22988	   59cc	ArmuroL432.elf
Finished building: default.size.stdout
 
Finished building: ArmuroL432.list
 
23:30:19 **** Incremental Build of configuration Debug for project ArmuroL432 ****
make -j8 all 
arm-none-eabi-gcc "../Core/Src/main.c" -mcpu=cortex-m4 -std=gnu11 -g3 -DDEBUG -DUSE_HAL_DRIVER -DSTM32L432xx -c -I../Core/Inc -I../Drivers/STM32L4xx_HAL_Driver/Inc -I../Drivers/STM32L4xx_HAL_Driver/Inc/Legacy -I../Drivers/CMSIS/Device/ST/STM32L4xx/Include -I../Drivers/CMSIS/Include -O0 -ffunction-sections -fdata-sections -Wall -fstack-usage -fcyclomatic-complexity -MMD -MP -MF"Core/Src/main.d" -MT"Core/Src/main.o" --specs=nano.specs -mfpu=fpv4-sp-d16 -mfloat-abi=hard -mthumb -o "Core/Src/main.o"
../Core/Src/main.c: In function 'main':
../Core/Src/main.c:226:39: warning: implicit declaration of function 'sprintf' [-Wimplicit-function-declaration]
  226 |                         uint8_t len = sprintf((char*) string_buf, "variable: %d \n",
      |                                       ^~~~~~~
../Core/Src/main.c:26:1: note: include '<stdio.h>' or provide a declaration of 'sprintf'
   25 | #include "gpio.h"
  +++ |+#include <stdio.h>
   26 | 
../Core/Src/main.c:226:39: warning: incompatible implicit declaration of built-in function 'sprintf' [-Wbuiltin-declaration-mismatch]
  226 |                         uint8_t len = sprintf((char*) string_buf, "variable: %d \n",
      |                                       ^~~~~~~
../Core/Src/main.c:226:39: note: include '<stdio.h>' or provide a declaration of 'sprintf'
../Core/Src/main.c:226:79: warning: format '%d' expects argument of type 'int', but argument 3 has type 'uint32_t' {aka 'long unsigned int'} [-Wformat=]
  226 |                         uint8_t len = sprintf((char*) string_buf, "variable: %d \n",
      |                                                                              ~^
      |                                                                               |
      |                                                                               int
      |                                                                              %ld
  227 |                                         adc[i]);
      |                                         ~~~~~~                                 
      |                                            |
      |                                            uint32_t {aka long unsigned int}
../Core/Src/main.c:226:33: warning: unused variable 'len' [-Wunused-variable]
  226 |                         uint8_t len = sprintf((char*) string_buf, "variable: %d \n",
      |                                 ^~~
../Core/Src/main.c:229:55: error: 'string_buf' undeclared (first use in this function)
  229 |                 HAL_UART_Transmit(&huart2, (uint8_t*) string_buf, len, 1000000);
      |                                                       ^~~~~~~~~~
../Core/Src/main.c:229:55: note: each undeclared identifier is reported only once for each function it appears in
../Core/Src/main.c:229:67: error: 'len' undeclared (first use in this function)
  229 |                 HAL_UART_Transmit(&huart2, (uint8_t*) string_buf, len, 1000000);
      |                                                                   ^~~
make: *** [Core/Src/subdir.mk:49: Core/Src/main.o] Error 1
"make -j8 all" terminated with exit code 2. Build might be incomplete.
23:32:17 **** Incremental Build of configuration Debug for project ArmuroL432 ****
make -j8 all 
arm-none-eabi-gcc "../Core/Src/main.c" -mcpu=cortex-m4 -std=gnu11 -g3 -DDEBUG -DUSE_HAL_DRIVER -DSTM32L432xx -c -I../Core/Inc -I../Drivers/STM32L4xx_HAL_Driver/Inc -I../Drivers/STM32L4xx_HAL_Driver/Inc/Legacy -I../Drivers/CMSIS/Device/ST/STM32L4xx/Include -I../Drivers/CMSIS/Include -O0 -ffunction-sections -fdata-sections -Wall -fstack-usage -fcyclomatic-complexity -MMD -MP -MF"Core/Src/main.d" -MT"Core/Src/main.o" --specs=nano.specs -mfpu=fpv4-sp-d16 -mfloat-abi=hard -mthumb -o "Core/Src/main.o"
../Core/Src/main.c: In function 'main':
../Core/Src/main.c:227:32: warning: implicit declaration of function 'sprintf' [-Wimplicit-function-declaration]
  227 |                         len += sprintf((char*) string_buf, "variable: %d \n", adc[i]);
      |                                ^~~~~~~
../Core/Src/main.c:26:1: note: include '<stdio.h>' or provide a declaration of 'sprintf'
   25 | #include "gpio.h"
  +++ |+#include <stdio.h>
   26 | 
../Core/Src/main.c:227:32: warning: incompatible implicit declaration of built-in function 'sprintf' [-Wbuiltin-declaration-mismatch]
  227 |                         len += sprintf((char*) string_buf, "variable: %d \n", adc[i]);
      |                                ^~~~~~~
../Core/Src/main.c:227:32: note: include '<stdio.h>' or provide a declaration of 'sprintf'
../Core/Src/main.c:227:72: warning: format '%d' expects argument of type 'int', but argument 3 has type 'uint32_t' {aka 'long unsigned int'} [-Wformat=]
  227 |                         len += sprintf((char*) string_buf, "variable: %d \n", adc[i]);
      |                                                                       ~^      ~~~~~~
      |                                                                        |         |
      |                                                                        int       uint32_t {aka long unsigned int}
      |                                                                       %ld
arm-none-eabi-gcc -o "ArmuroL432.elf" @"objects.list"   -mcpu=cortex-m4 -T"C:\Users\I744722\STM32CubeIDE\workspace_1.15.1\ArmuroL432\STM32L432KCUX_FLASH.ld" --specs=nosys.specs -Wl,-Map="ArmuroL432.map" -Wl,--gc-sections -static --specs=nano.specs -mfpu=fpv4-sp-d16 -mfloat-abi=hard -mthumb -Wl,--start-group -lc -lm -Wl,--end-group
Finished building target: ArmuroL432.elf
 
arm-none-eabi-size  ArmuroL432.elf 
arm-none-eabi-objdump -h -S ArmuroL432.elf  > "ArmuroL432.list"
   text	   data	    bss	    dec	    hex	filename
  25348	    100	   2332	  27780	   6c84	ArmuroL432.elf
Finished building: default.size.stdout
 
Finished building: ArmuroL432.list
 
23:33:44 **** Incremental Build of configuration Debug for project ArmuroL432 ****
make -j8 all 
arm-none-eabi-gcc "../Core/Src/main.c" -mcpu=cortex-m4 -std=gnu11 -g3 -DDEBUG -DUSE_HAL_DRIVER -DSTM32L432xx -c -I../Core/Inc -I../Drivers/STM32L4xx_HAL_Driver/Inc -I../Drivers/STM32L4xx_HAL_Driver/Inc/Legacy -I../Drivers/CMSIS/Device/ST/STM32L4xx/Include -I../Drivers/CMSIS/Include -O0 -ffunction-sections -fdata-sections -Wall -fstack-usage -fcyclomatic-complexity -MMD -MP -MF"Core/Src/main.d" -MT"Core/Src/main.o" --specs=nano.specs -mfpu=fpv4-sp-d16 -mfloat-abi=hard -mthumb -o "Core/Src/main.o"
../Core/Src/main.c: In function 'main':
../Core/Src/main.c:227:32: warning: implicit declaration of function 'sprintf' [-Wimplicit-function-declaration]
  227 |                         len += sprintf((char*) string_buf, "variable: %d \n", adc[i]);
      |                                ^~~~~~~
../Core/Src/main.c:26:1: note: include '<stdio.h>' or provide a declaration of 'sprintf'
   25 | #include "gpio.h"
  +++ |+#include <stdio.h>
   26 | 
../Core/Src/main.c:227:32: warning: incompatible implicit declaration of built-in function 'sprintf' [-Wbuiltin-declaration-mismatch]
  227 |                         len += sprintf((char*) string_buf, "variable: %d \n", adc[i]);
      |                                ^~~~~~~
../Core/Src/main.c:227:32: note: include '<stdio.h>' or provide a declaration of 'sprintf'
../Core/Src/main.c:227:72: warning: format '%d' expects argument of type 'int', but argument 3 has type 'uint32_t' {aka 'long unsigned int'} [-Wformat=]
  227 |                         len += sprintf((char*) string_buf, "variable: %d \n", adc[i]);
      |                                                                       ~^      ~~~~~~
      |                                                                        |         |
      |                                                                        int       uint32_t {aka long unsigned int}
      |                                                                       %ld
arm-none-eabi-gcc -o "ArmuroL432.elf" @"objects.list"   -mcpu=cortex-m4 -T"C:\Users\I744722\STM32CubeIDE\workspace_1.15.1\ArmuroL432\STM32L432KCUX_FLASH.ld" --specs=nosys.specs -Wl,-Map="ArmuroL432.map" -Wl,--gc-sections -static --specs=nano.specs -mfpu=fpv4-sp-d16 -mfloat-abi=hard -mthumb -Wl,--start-group -lc -lm -Wl,--end-group
Finished building target: ArmuroL432.elf
 
arm-none-eabi-size  ArmuroL432.elf 
arm-none-eabi-objdump -h -S ArmuroL432.elf  > "ArmuroL432.list"
   text	   data	    bss	    dec	    hex	filename
  24872	     96	   2328	  27296	   6aa0	ArmuroL432.elf
Finished building: default.size.stdout
 
Finished building: ArmuroL432.list
 
23:35:44 **** Incremental Build of configuration Debug for project ArmuroL432 ****
make -j8 all 
arm-none-eabi-gcc "../Core/Src/main.c" -mcpu=cortex-m4 -std=gnu11 -g3 -DDEBUG -DUSE_HAL_DRIVER -DSTM32L432xx -c -I../Core/Inc -I../Drivers/STM32L4xx_HAL_Driver/Inc -I../Drivers/STM32L4xx_HAL_Driver/Inc/Legacy -I../Drivers/CMSIS/Device/ST/STM32L4xx/Include -I../Drivers/CMSIS/Include -O0 -ffunction-sections -fdata-sections -Wall -fstack-usage -fcyclomatic-complexity -MMD -MP -MF"Core/Src/main.d" -MT"Core/Src/main.o" --specs=nano.specs -mfpu=fpv4-sp-d16 -mfloat-abi=hard -mthumb -o "Core/Src/main.o"
../Core/Src/main.c: In function 'main':
../Core/Src/main.c:227:32: warning: implicit declaration of function 'sprintf' [-Wimplicit-function-declaration]
  227 |                         len += sprintf((char*) string_buf, "variable: %u \n", adc[i]);
      |                                ^~~~~~~
../Core/Src/main.c:26:1: note: include '<stdio.h>' or provide a declaration of 'sprintf'
   25 | #include "gpio.h"
  +++ |+#include <stdio.h>
   26 | 
../Core/Src/main.c:227:32: warning: incompatible implicit declaration of built-in function 'sprintf' [-Wbuiltin-declaration-mismatch]
  227 |                         len += sprintf((char*) string_buf, "variable: %u \n", adc[i]);
      |                                ^~~~~~~
../Core/Src/main.c:227:32: note: include '<stdio.h>' or provide a declaration of 'sprintf'
../Core/Src/main.c:227:72: warning: format '%u' expects argument of type 'unsigned int', but argument 3 has type 'uint32_t' {aka 'long unsigned int'} [-Wformat=]
  227 |                         len += sprintf((char*) string_buf, "variable: %u \n", adc[i]);
      |                                                                       ~^      ~~~~~~
      |                                                                        |         |
      |                                                                        |         uint32_t {aka long unsigned int}
      |                                                                        unsigned int
      |                                                                       %lu
arm-none-eabi-gcc -o "ArmuroL432.elf" @"objects.list"   -mcpu=cortex-m4 -T"C:\Users\I744722\STM32CubeIDE\workspace_1.15.1\ArmuroL432\STM32L432KCUX_FLASH.ld" --specs=nosys.specs -Wl,-Map="ArmuroL432.map" -Wl,--gc-sections -static --specs=nano.specs -mfpu=fpv4-sp-d16 -mfloat-abi=hard -mthumb -Wl,--start-group -lc -lm -Wl,--end-group
Finished building target: ArmuroL432.elf
 
arm-none-eabi-size  ArmuroL432.elf 
arm-none-eabi-objdump -h -S ArmuroL432.elf  > "ArmuroL432.list"
   text	   data	    bss	    dec	    hex	filename
  24880	     96	   2328	  27304	   6aa8	ArmuroL432.elf
Finished building: default.size.stdout
 
Finished building: ArmuroL432.list
 
23:37:28 **** Incremental Build of configuration Debug for project ArmuroL432 ****
make -j8 all 
arm-none-eabi-gcc "../Core/Src/main.c" -mcpu=cortex-m4 -std=gnu11 -g3 -DDEBUG -DUSE_HAL_DRIVER -DSTM32L432xx -c -I../Core/Inc -I../Drivers/STM32L4xx_HAL_Driver/Inc -I../Drivers/STM32L4xx_HAL_Driver/Inc/Legacy -I../Drivers/CMSIS/Device/ST/STM32L4xx/Include -I../Drivers/CMSIS/Include -O0 -ffunction-sections -fdata-sections -Wall -fstack-usage -fcyclomatic-complexity -MMD -MP -MF"Core/Src/main.d" -MT"Core/Src/main.o" --specs=nano.specs -mfpu=fpv4-sp-d16 -mfloat-abi=hard -mthumb -o "Core/Src/main.o"
../Core/Src/main.c: In function 'main':
../Core/Src/main.c:228:32: warning: implicit declaration of function 'sprintf' [-Wimplicit-function-declaration]
  228 |                         len += sprintf((char*) string_buf, "variable: %u \n", adc[i]);
      |                                ^~~~~~~
../Core/Src/main.c:27:1: note: include '<stdio.h>' or provide a declaration of 'sprintf'
   26 | #include <string.h>
  +++ |+#include <stdio.h>
   27 | 
../Core/Src/main.c:228:32: warning: incompatible implicit declaration of built-in function 'sprintf' [-Wbuiltin-declaration-mismatch]
  228 |                         len += sprintf((char*) string_buf, "variable: %u \n", adc[i]);
      |                                ^~~~~~~
../Core/Src/main.c:228:32: note: include '<stdio.h>' or provide a declaration of 'sprintf'
../Core/Src/main.c:228:72: warning: format '%u' expects argument of type 'unsigned int', but argument 3 has type 'uint32_t' {aka 'long unsigned int'} [-Wformat=]
  228 |                         len += sprintf((char*) string_buf, "variable: %u \n", adc[i]);
      |                                                                       ~^      ~~~~~~
      |                                                                        |         |
      |                                                                        |         uint32_t {aka long unsigned int}
      |                                                                        unsigned int
      |                                                                       %lu
arm-none-eabi-gcc -o "ArmuroL432.elf" @"objects.list"   -mcpu=cortex-m4 -T"C:\Users\I744722\STM32CubeIDE\workspace_1.15.1\ArmuroL432\STM32L432KCUX_FLASH.ld" --specs=nosys.specs -Wl,-Map="ArmuroL432.map" -Wl,--gc-sections -static --specs=nano.specs -mfpu=fpv4-sp-d16 -mfloat-abi=hard -mthumb -Wl,--start-group -lc -lm -Wl,--end-group
Finished building target: ArmuroL432.elf
 
arm-none-eabi-size  ArmuroL432.elf 
arm-none-eabi-objdump -h -S ArmuroL432.elf  > "ArmuroL432.list"
   text	   data	    bss	    dec	    hex	filename
  24880	     96	   2328	  27304	   6aa8	ArmuroL432.elf
Finished building: default.size.stdout
 
Finished building: ArmuroL432.list
 
23:39:25 **** Incremental Build of configuration Debug for project ArmuroL432 ****
make -j8 all 
arm-none-eabi-gcc "../Core/Src/main.c" -mcpu=cortex-m4 -std=gnu11 -g3 -DDEBUG -DUSE_HAL_DRIVER -DSTM32L432xx -c -I../Core/Inc -I../Drivers/STM32L4xx_HAL_Driver/Inc -I../Drivers/STM32L4xx_HAL_Driver/Inc/Legacy -I../Drivers/CMSIS/Device/ST/STM32L4xx/Include -I../Drivers/CMSIS/Include -O0 -ffunction-sections -fdata-sections -Wall -fstack-usage -fcyclomatic-complexity -MMD -MP -MF"Core/Src/main.d" -MT"Core/Src/main.o" --specs=nano.specs -mfpu=fpv4-sp-d16 -mfloat-abi=hard -mthumb -o "Core/Src/main.o"
../Core/Src/main.c: In function 'adcToCsv':
../Core/Src/main.c:175:24: warning: implicit declaration of function 'sprintf' [-Wimplicit-function-declaration]
  175 |                 len += sprintf((char*) buf, "%d", adc[i]) + 1;
      |                        ^~~~~~~
../Core/Src/main.c:26:1: note: include '<stdio.h>' or provide a declaration of 'sprintf'
   25 | #include "gpio.h"
  +++ |+#include <stdio.h>
   26 | 
../Core/Src/main.c:175:24: warning: incompatible implicit declaration of built-in function 'sprintf' [-Wbuiltin-declaration-mismatch]
  175 |                 len += sprintf((char*) buf, "%d", adc[i]) + 1;
      |                        ^~~~~~~
../Core/Src/main.c:175:24: note: include '<stdio.h>' or provide a declaration of 'sprintf'
../Core/Src/main.c:175:47: warning: format '%d' expects argument of type 'int', but argument 3 has type 'uint32_t' {aka 'long unsigned int'} [-Wformat=]
  175 |                 len += sprintf((char*) buf, "%d", adc[i]) + 1;
      |                                              ~^   ~~~~~~
      |                                               |      |
      |                                               int    uint32_t {aka long unsigned int}
      |                                              %ld
../Core/Src/main.c:176:17: warning: implicit declaration of function 'strcat' [-Wimplicit-function-declaration]
  176 |                 strcat(str, buf);
      |                 ^~~~~~
../Core/Src/main.c:26:1: note: include '<string.h>' or provide a declaration of 'strcat'
   25 | #include "gpio.h"
  +++ |+#include <string.h>
   26 | 
../Core/Src/main.c:176:17: warning: incompatible implicit declaration of built-in function 'strcat' [-Wbuiltin-declaration-mismatch]
  176 |                 strcat(str, buf);
      |                 ^~~~~~
../Core/Src/main.c:176:17: note: include '<string.h>' or provide a declaration of 'strcat'
arm-none-eabi-gcc -o "ArmuroL432.elf" @"objects.list"   -mcpu=cortex-m4 -T"C:\Users\I744722\STM32CubeIDE\workspace_1.15.1\ArmuroL432\STM32L432KCUX_FLASH.ld" --specs=nosys.specs -Wl,-Map="ArmuroL432.map" -Wl,--gc-sections -static --specs=nano.specs -mfpu=fpv4-sp-d16 -mfloat-abi=hard -mthumb -Wl,--start-group -lc -lm -Wl,--end-group
Finished building target: ArmuroL432.elf
 
arm-none-eabi-size  ArmuroL432.elf 
arm-none-eabi-objdump -h -S ArmuroL432.elf  > "ArmuroL432.list"
   text	   data	    bss	    dec	    hex	filename
  25084	     96	   2328	  27508	   6b74	ArmuroL432.elf
Finished building: default.size.stdout
 
Finished building: ArmuroL432.list
 
23:40:30 **** Incremental Build of configuration Debug for project ArmuroL432 ****
make -j8 all 
arm-none-eabi-gcc "../Core/Src/main.c" -mcpu=cortex-m4 -std=gnu11 -g3 -DDEBUG -DUSE_HAL_DRIVER -DSTM32L432xx -c -I../Core/Inc -I../Drivers/STM32L4xx_HAL_Driver/Inc -I../Drivers/STM32L4xx_HAL_Driver/Inc/Legacy -I../Drivers/CMSIS/Device/ST/STM32L4xx/Include -I../Drivers/CMSIS/Include -O0 -ffunction-sections -fdata-sections -Wall -fstack-usage -fcyclomatic-complexity -MMD -MP -MF"Core/Src/main.d" -MT"Core/Src/main.o" --specs=nano.specs -mfpu=fpv4-sp-d16 -mfloat-abi=hard -mthumb -o "Core/Src/main.o"
../Core/Src/main.c: In function 'adcToCsv':
../Core/Src/main.c:175:24: warning: implicit declaration of function 'sprintf' [-Wimplicit-function-declaration]
  175 |                 len += sprintf((char*) buf, "%d", adc[i]) + 1;
      |                        ^~~~~~~
../Core/Src/main.c:26:1: note: include '<stdio.h>' or provide a declaration of 'sprintf'
   25 | #include "gpio.h"
  +++ |+#include <stdio.h>
   26 | 
../Core/Src/main.c:175:24: warning: incompatible implicit declaration of built-in function 'sprintf' [-Wbuiltin-declaration-mismatch]
  175 |                 len += sprintf((char*) buf, "%d", adc[i]) + 1;
      |                        ^~~~~~~
../Core/Src/main.c:175:24: note: include '<stdio.h>' or provide a declaration of 'sprintf'
../Core/Src/main.c:175:47: warning: format '%d' expects argument of type 'int', but argument 3 has type 'uint32_t' {aka 'long unsigned int'} [-Wformat=]
  175 |                 len += sprintf((char*) buf, "%d", adc[i]) + 1;
      |                                              ~^   ~~~~~~
      |                                               |      |
      |                                               int    uint32_t {aka long unsigned int}
      |                                              %ld
../Core/Src/main.c:176:17: warning: implicit declaration of function 'strcat' [-Wimplicit-function-declaration]
  176 |                 strcat(str, buf);
      |                 ^~~~~~
../Core/Src/main.c:26:1: note: include '<string.h>' or provide a declaration of 'strcat'
   25 | #include "gpio.h"
  +++ |+#include <string.h>
   26 | 
../Core/Src/main.c:176:17: warning: incompatible implicit declaration of built-in function 'strcat' [-Wbuiltin-declaration-mismatch]
  176 |                 strcat(str, buf);
      |                 ^~~~~~
../Core/Src/main.c:176:17: note: include '<string.h>' or provide a declaration of 'strcat'
arm-none-eabi-gcc -o "ArmuroL432.elf" @"objects.list"   -mcpu=cortex-m4 -T"C:\Users\I744722\STM32CubeIDE\workspace_1.15.1\ArmuroL432\STM32L432KCUX_FLASH.ld" --specs=nosys.specs -Wl,-Map="ArmuroL432.map" -Wl,--gc-sections -static --specs=nano.specs -mfpu=fpv4-sp-d16 -mfloat-abi=hard -mthumb -Wl,--start-group -lc -lm -Wl,--end-group
Finished building target: ArmuroL432.elf
 
arm-none-eabi-size  ArmuroL432.elf 
arm-none-eabi-objdump -h -S ArmuroL432.elf  > "ArmuroL432.list"
   text	   data	    bss	    dec	    hex	filename
  25084	     96	   2328	  27508	   6b74	ArmuroL432.elf
Finished building: default.size.stdout
 
Finished building: ArmuroL432.list
 
23:44:20 **** Incremental Build of configuration Debug for project ArmuroL432 ****
make -j8 all 
arm-none-eabi-gcc "../Core/Src/main.c" -mcpu=cortex-m4 -std=gnu11 -g3 -DDEBUG -DUSE_HAL_DRIVER -DSTM32L432xx -c -I../Core/Inc -I../Drivers/STM32L4xx_HAL_Driver/Inc -I../Drivers/STM32L4xx_HAL_Driver/Inc/Legacy -I../Drivers/CMSIS/Device/ST/STM32L4xx/Include -I../Drivers/CMSIS/Include -O0 -ffunction-sections -fdata-sections -Wall -fstack-usage -fcyclomatic-complexity -MMD -MP -MF"Core/Src/main.d" -MT"Core/Src/main.o" --specs=nano.specs -mfpu=fpv4-sp-d16 -mfloat-abi=hard -mthumb -o "Core/Src/main.o"
../Core/Src/main.c: In function 'main':
../Core/Src/main.c:228:32: warning: implicit declaration of function 'sprintf' [-Wimplicit-function-declaration]
  228 |                         len += sprintf((char*) string_buf, "variable: %u \n", adc[i]);
      |                                ^~~~~~~
../Core/Src/main.c:26:1: note: include '<stdio.h>' or provide a declaration of 'sprintf'
   25 | #include "gpio.h"
  +++ |+#include <stdio.h>
   26 | 
../Core/Src/main.c:228:32: warning: incompatible implicit declaration of built-in function 'sprintf' [-Wbuiltin-declaration-mismatch]
  228 |                         len += sprintf((char*) string_buf, "variable: %u \n", adc[i]);
      |                                ^~~~~~~
../Core/Src/main.c:228:32: note: include '<stdio.h>' or provide a declaration of 'sprintf'
../Core/Src/main.c:228:72: warning: format '%u' expects argument of type 'unsigned int', but argument 3 has type 'uint32_t' {aka 'long unsigned int'} [-Wformat=]
  228 |                         len += sprintf((char*) string_buf, "variable: %u \n", adc[i]);
      |                                                                       ~^      ~~~~~~
      |                                                                        |         |
      |                                                                        |         uint32_t {aka long unsigned int}
      |                                                                        unsigned int
      |                                                                       %lu
arm-none-eabi-gcc -o "ArmuroL432.elf" @"objects.list"   -mcpu=cortex-m4 -T"C:\Users\I744722\STM32CubeIDE\workspace_1.15.1\ArmuroL432\STM32L432KCUX_FLASH.ld" --specs=nosys.specs -Wl,-Map="ArmuroL432.map" -Wl,--gc-sections -static --specs=nano.specs -mfpu=fpv4-sp-d16 -mfloat-abi=hard -mthumb -Wl,--start-group -lc -lm -Wl,--end-group
Finished building target: ArmuroL432.elf
 
arm-none-eabi-size  ArmuroL432.elf 
arm-none-eabi-objdump -h -S ArmuroL432.elf  > "ArmuroL432.list"
   text	   data	    bss	    dec	    hex	filename
  24880	     96	   2328	  27304	   6aa8	ArmuroL432.elf
Finished building: default.size.stdout
 
Finished building: ArmuroL432.list
 
23:45:49 **** Incremental Build of configuration Debug for project ArmuroL432 ****
make -j8 all 
arm-none-eabi-gcc "../Core/Src/main.c" -mcpu=cortex-m4 -std=gnu11 -g3 -DDEBUG -DUSE_HAL_DRIVER -DSTM32L432xx -c -I../Core/Inc -I../Drivers/STM32L4xx_HAL_Driver/Inc -I../Drivers/STM32L4xx_HAL_Driver/Inc/Legacy -I../Drivers/CMSIS/Device/ST/STM32L4xx/Include -I../Drivers/CMSIS/Include -O0 -ffunction-sections -fdata-sections -Wall -fstack-usage -fcyclomatic-complexity -MMD -MP -MF"Core/Src/main.d" -MT"Core/Src/main.o" --specs=nano.specs -mfpu=fpv4-sp-d16 -mfloat-abi=hard -mthumb -o "Core/Src/main.o"
../Core/Src/main.c: In function 'main':
../Core/Src/main.c:228:32: warning: implicit declaration of function 'sprintf' [-Wimplicit-function-declaration]
  228 |                         len += sprintf((char*) string_buf, "variable: %d \n", adc[i]);
      |                                ^~~~~~~
../Core/Src/main.c:26:1: note: include '<stdio.h>' or provide a declaration of 'sprintf'
   25 | #include "gpio.h"
  +++ |+#include <stdio.h>
   26 | 
../Core/Src/main.c:228:32: warning: incompatible implicit declaration of built-in function 'sprintf' [-Wbuiltin-declaration-mismatch]
  228 |                         len += sprintf((char*) string_buf, "variable: %d \n", adc[i]);
      |                                ^~~~~~~
../Core/Src/main.c:228:32: note: include '<stdio.h>' or provide a declaration of 'sprintf'
../Core/Src/main.c:228:72: warning: format '%d' expects argument of type 'int', but argument 3 has type 'uint32_t' {aka 'long unsigned int'} [-Wformat=]
  228 |                         len += sprintf((char*) string_buf, "variable: %d \n", adc[i]);
      |                                                                       ~^      ~~~~~~
      |                                                                        |         |
      |                                                                        int       uint32_t {aka long unsigned int}
      |                                                                       %ld
arm-none-eabi-gcc -o "ArmuroL432.elf" @"objects.list"   -mcpu=cortex-m4 -T"C:\Users\I744722\STM32CubeIDE\workspace_1.15.1\ArmuroL432\STM32L432KCUX_FLASH.ld" --specs=nosys.specs -Wl,-Map="ArmuroL432.map" -Wl,--gc-sections -static --specs=nano.specs -mfpu=fpv4-sp-d16 -mfloat-abi=hard -mthumb -Wl,--start-group -lc -lm -Wl,--end-group
Finished building target: ArmuroL432.elf
 
arm-none-eabi-size  ArmuroL432.elf 
arm-none-eabi-objdump -h -S ArmuroL432.elf  > "ArmuroL432.list"
   text	   data	    bss	    dec	    hex	filename
  24888	     96	   2328	  27312	   6ab0	ArmuroL432.elf
Finished building: default.size.stdout
 
Finished building: ArmuroL432.list
 
23:46:26 **** Incremental Build of configuration Debug for project ArmuroL432 ****
make -j8 all 
arm-none-eabi-gcc "../Core/Src/main.c" -mcpu=cortex-m4 -std=gnu11 -g3 -DDEBUG -DUSE_HAL_DRIVER -DSTM32L432xx -c -I../Core/Inc -I../Drivers/STM32L4xx_HAL_Driver/Inc -I../Drivers/STM32L4xx_HAL_Driver/Inc/Legacy -I../Drivers/CMSIS/Device/ST/STM32L4xx/Include -I../Drivers/CMSIS/Include -O0 -ffunction-sections -fdata-sections -Wall -fstack-usage -fcyclomatic-complexity -MMD -MP -MF"Core/Src/main.d" -MT"Core/Src/main.o" --specs=nano.specs -mfpu=fpv4-sp-d16 -mfloat-abi=hard -mthumb -o "Core/Src/main.o"
../Core/Src/main.c: In function 'main':
../Core/Src/main.c:228:32: warning: implicit declaration of function 'sprintf' [-Wimplicit-function-declaration]
  228 |                         len += sprintf((char*) string_buf, "%d\n", adc[i]);
      |                                ^~~~~~~
../Core/Src/main.c:26:1: note: include '<stdio.h>' or provide a declaration of 'sprintf'
   25 | #include "gpio.h"
  +++ |+#include <stdio.h>
   26 | 
../Core/Src/main.c:228:32: warning: incompatible implicit declaration of built-in function 'sprintf' [-Wbuiltin-declaration-mismatch]
  228 |                         len += sprintf((char*) string_buf, "%d\n", adc[i]);
      |                                ^~~~~~~
../Core/Src/main.c:228:32: note: include '<stdio.h>' or provide a declaration of 'sprintf'
../Core/Src/main.c:228:62: warning: format '%d' expects argument of type 'int', but argument 3 has type 'uint32_t' {aka 'long unsigned int'} [-Wformat=]
  228 |                         len += sprintf((char*) string_buf, "%d\n", adc[i]);
      |                                                             ~^     ~~~~~~
      |                                                              |        |
      |                                                              int      uint32_t {aka long unsigned int}
      |                                                             %ld
arm-none-eabi-gcc -o "ArmuroL432.elf" @"objects.list"   -mcpu=cortex-m4 -T"C:\Users\I744722\STM32CubeIDE\workspace_1.15.1\ArmuroL432\STM32L432KCUX_FLASH.ld" --specs=nosys.specs -Wl,-Map="ArmuroL432.map" -Wl,--gc-sections -static --specs=nano.specs -mfpu=fpv4-sp-d16 -mfloat-abi=hard -mthumb -Wl,--start-group -lc -lm -Wl,--end-group
Finished building target: ArmuroL432.elf
 
arm-none-eabi-size  ArmuroL432.elf 
arm-none-eabi-objdump -h -S ArmuroL432.elf  > "ArmuroL432.list"
   text	   data	    bss	    dec	    hex	filename
  24876	     96	   2328	  27300	   6aa4	ArmuroL432.elf
Finished building: default.size.stdout
 
Finished building: ArmuroL432.list
 
23:47:29 **** Incremental Build of configuration Debug for project ArmuroL432 ****
make -j8 all 
arm-none-eabi-size  ArmuroL432.elf 
   text	   data	    bss	    dec	    hex	filename
  24876	     96	   2328	  27300	   6aa4	ArmuroL432.elf
Finished building: default.size.stdout
 
23:48:33 **** Incremental Build of configuration Debug for project ArmuroL432 ****
make -j8 all 
arm-none-eabi-gcc "../Core/Src/main.c" -mcpu=cortex-m4 -std=gnu11 -g3 -DDEBUG -DUSE_HAL_DRIVER -DSTM32L432xx -c -I../Core/Inc -I../Drivers/STM32L4xx_HAL_Driver/Inc -I../Drivers/STM32L4xx_HAL_Driver/Inc/Legacy -I../Drivers/CMSIS/Device/ST/STM32L4xx/Include -I../Drivers/CMSIS/Include -O0 -ffunction-sections -fdata-sections -Wall -fstack-usage -fcyclomatic-complexity -MMD -MP -MF"Core/Src/main.d" -MT"Core/Src/main.o" --specs=nano.specs -mfpu=fpv4-sp-d16 -mfloat-abi=hard -mthumb -o "Core/Src/main.o"
../Core/Src/main.c: In function 'main':
../Core/Src/main.c:228:32: warning: implicit declaration of function 'sprintf' [-Wimplicit-function-declaration]
  228 |                         len += sprintf((char*) string_buf, "%d\n", adc[i]);
      |                                ^~~~~~~
../Core/Src/main.c:26:1: note: include '<stdio.h>' or provide a declaration of 'sprintf'
   25 | #include "gpio.h"
  +++ |+#include <stdio.h>
   26 | 
../Core/Src/main.c:228:32: warning: incompatible implicit declaration of built-in function 'sprintf' [-Wbuiltin-declaration-mismatch]
  228 |                         len += sprintf((char*) string_buf, "%d\n", adc[i]);
      |                                ^~~~~~~
../Core/Src/main.c:228:32: note: include '<stdio.h>' or provide a declaration of 'sprintf'
../Core/Src/main.c:228:62: warning: format '%d' expects argument of type 'int', but argument 3 has type 'uint32_t' {aka 'long unsigned int'} [-Wformat=]
  228 |                         len += sprintf((char*) string_buf, "%d\n", adc[i]);
      |                                                             ~^     ~~~~~~
      |                                                              |        |
      |                                                              int      uint32_t {aka long unsigned int}
      |                                                             %ld
arm-none-eabi-gcc -o "ArmuroL432.elf" @"objects.list"   -mcpu=cortex-m4 -T"C:\Users\I744722\STM32CubeIDE\workspace_1.15.1\ArmuroL432\STM32L432KCUX_FLASH.ld" --specs=nosys.specs -Wl,-Map="ArmuroL432.map" -Wl,--gc-sections -static --specs=nano.specs -mfpu=fpv4-sp-d16 -mfloat-abi=hard -mthumb -Wl,--start-group -lc -lm -Wl,--end-group
Finished building target: ArmuroL432.elf
 
arm-none-eabi-size  ArmuroL432.elf 
arm-none-eabi-objdump -h -S ArmuroL432.elf  > "ArmuroL432.list"
   text	   data	    bss	    dec	    hex	filename
  24876	     96	   2328	  27300	   6aa4	ArmuroL432.elf
Finished building: default.size.stdout
 
Finished building: ArmuroL432.list
 
23:48:43 **** Incremental Build of configuration Debug for project ArmuroL432 ****
make -j8 all 
arm-none-eabi-size  ArmuroL432.elf 
   text	   data	    bss	    dec	    hex	filename
  24876	     96	   2328	  27300	   6aa4	ArmuroL432.elf
Finished building: default.size.stdout
 
23:51:05 **** Incremental Build of configuration Debug for project ArmuroL432 ****
make -j8 all 
arm-none-eabi-gcc "../Core/Src/main.c" -mcpu=cortex-m4 -std=gnu11 -g3 -DDEBUG -DUSE_HAL_DRIVER -DSTM32L432xx -c -I../Core/Inc -I../Drivers/STM32L4xx_HAL_Driver/Inc -I../Drivers/STM32L4xx_HAL_Driver/Inc/Legacy -I../Drivers/CMSIS/Device/ST/STM32L4xx/Include -I../Drivers/CMSIS/Include -O0 -ffunction-sections -fdata-sections -Wall -fstack-usage -fcyclomatic-complexity -MMD -MP -MF"Core/Src/main.d" -MT"Core/Src/main.o" --specs=nano.specs -mfpu=fpv4-sp-d16 -mfloat-abi=hard -mthumb -o "Core/Src/main.o"
../Core/Src/main.c: In function 'main':
../Core/Src/main.c:228:32: warning: implicit declaration of function 'sprintf' [-Wimplicit-function-declaration]
  228 |                         len += sprintf((char*) string_buf, "%d\n", adc[i]);
      |                                ^~~~~~~
../Core/Src/main.c:26:1: note: include '<stdio.h>' or provide a declaration of 'sprintf'
   25 | #include "gpio.h"
  +++ |+#include <stdio.h>
   26 | 
../Core/Src/main.c:228:32: warning: incompatible implicit declaration of built-in function 'sprintf' [-Wbuiltin-declaration-mismatch]
  228 |                         len += sprintf((char*) string_buf, "%d\n", adc[i]);
      |                                ^~~~~~~
../Core/Src/main.c:228:32: note: include '<stdio.h>' or provide a declaration of 'sprintf'
../Core/Src/main.c:228:62: warning: format '%d' expects argument of type 'int', but argument 3 has type 'uint32_t' {aka 'long unsigned int'} [-Wformat=]
  228 |                         len += sprintf((char*) string_buf, "%d\n", adc[i]);
      |                                                             ~^     ~~~~~~
      |                                                              |        |
      |                                                              int      uint32_t {aka long unsigned int}
      |                                                             %ld
arm-none-eabi-gcc -o "ArmuroL432.elf" @"objects.list"   -mcpu=cortex-m4 -T"C:\Users\I744722\STM32CubeIDE\workspace_1.15.1\ArmuroL432\STM32L432KCUX_FLASH.ld" --specs=nosys.specs -Wl,-Map="ArmuroL432.map" -Wl,--gc-sections -static --specs=nano.specs -mfpu=fpv4-sp-d16 -mfloat-abi=hard -mthumb -Wl,--start-group -lc -lm -Wl,--end-group
Finished building target: ArmuroL432.elf
 
arm-none-eabi-size  ArmuroL432.elf 
arm-none-eabi-objdump -h -S ArmuroL432.elf  > "ArmuroL432.list"
   text	   data	    bss	    dec	    hex	filename
  24872	     96	   2328	  27296	   6aa0	ArmuroL432.elf
Finished building: default.size.stdout
 
Finished building: ArmuroL432.list
 
23:51:40 **** Incremental Build of configuration Debug for project ArmuroL432 ****
make -j8 all 
arm-none-eabi-size  ArmuroL432.elf 
   text	   data	    bss	    dec	    hex	filename
  24872	     96	   2328	  27296	   6aa0	ArmuroL432.elf
Finished building: default.size.stdout
 
23:54:44 **** Incremental Build of configuration Debug for project ArmuroL432 ****
make -j8 all 
arm-none-eabi-gcc "../Core/Src/main.c" -mcpu=cortex-m4 -std=gnu11 -g3 -DDEBUG -DUSE_HAL_DRIVER -DSTM32L432xx -c -I../Core/Inc -I../Drivers/STM32L4xx_HAL_Driver/Inc -I../Drivers/STM32L4xx_HAL_Driver/Inc/Legacy -I../Drivers/CMSIS/Device/ST/STM32L4xx/Include -I../Drivers/CMSIS/Include -O0 -ffunction-sections -fdata-sections -Wall -fstack-usage -fcyclomatic-complexity -MMD -MP -MF"Core/Src/main.d" -MT"Core/Src/main.o" --specs=nano.specs -mfpu=fpv4-sp-d16 -mfloat-abi=hard -mthumb -o "Core/Src/main.o"
../Core/Src/main.c: In function 'main':
../Core/Src/main.c:228:32: warning: implicit declaration of function 'sprintf' [-Wimplicit-function-declaration]
  228 |                         len += sprintf((char*)(string_buf + len), "%d \n", adc[i]);
      |                                ^~~~~~~
../Core/Src/main.c:26:1: note: include '<stdio.h>' or provide a declaration of 'sprintf'
   25 | #include "gpio.h"
  +++ |+#include <stdio.h>
   26 | 
../Core/Src/main.c:228:32: warning: incompatible implicit declaration of built-in function 'sprintf' [-Wbuiltin-declaration-mismatch]
  228 |                         len += sprintf((char*)(string_buf + len), "%d \n", adc[i]);
      |                                ^~~~~~~
../Core/Src/main.c:228:32: note: include '<stdio.h>' or provide a declaration of 'sprintf'
../Core/Src/main.c:228:69: warning: format '%d' expects argument of type 'int', but argument 3 has type 'uint32_t' {aka 'long unsigned int'} [-Wformat=]
  228 |                         len += sprintf((char*)(string_buf + len), "%d \n", adc[i]);
      |                                                                    ~^      ~~~~~~
      |                                                                     |         |
      |                                                                     int       uint32_t {aka long unsigned int}
      |                                                                    %ld
arm-none-eabi-gcc -o "ArmuroL432.elf" @"objects.list"   -mcpu=cortex-m4 -T"C:\Users\I744722\STM32CubeIDE\workspace_1.15.1\ArmuroL432\STM32L432KCUX_FLASH.ld" --specs=nosys.specs -Wl,-Map="ArmuroL432.map" -Wl,--gc-sections -static --specs=nano.specs -mfpu=fpv4-sp-d16 -mfloat-abi=hard -mthumb -Wl,--start-group -lc -lm -Wl,--end-group
Finished building target: ArmuroL432.elf
 
arm-none-eabi-size  ArmuroL432.elf 
arm-none-eabi-objdump -h -S ArmuroL432.elf  > "ArmuroL432.list"
   text	   data	    bss	    dec	    hex	filename
  24884	     96	   2328	  27308	   6aac	ArmuroL432.elf
Finished building: default.size.stdout
 
Finished building: ArmuroL432.list
 
23:55:58 **** Incremental Build of configuration Debug for project ArmuroL432 ****
make -j8 all 
arm-none-eabi-gcc "../Core/Src/main.c" -mcpu=cortex-m4 -std=gnu11 -g3 -DDEBUG -DUSE_HAL_DRIVER -DSTM32L432xx -c -I../Core/Inc -I../Drivers/STM32L4xx_HAL_Driver/Inc -I../Drivers/STM32L4xx_HAL_Driver/Inc/Legacy -I../Drivers/CMSIS/Device/ST/STM32L4xx/Include -I../Drivers/CMSIS/Include -O0 -ffunction-sections -fdata-sections -Wall -fstack-usage -fcyclomatic-complexity -MMD -MP -MF"Core/Src/main.d" -MT"Core/Src/main.o" --specs=nano.specs -mfpu=fpv4-sp-d16 -mfloat-abi=hard -mthumb -o "Core/Src/main.o"
../Core/Src/main.c: In function 'main':
../Core/Src/main.c:228:32: warning: implicit declaration of function 'sprintf' [-Wimplicit-function-declaration]
  228 |                         len += sprintf((char*)(string_buf + len), "%d, ", adc[i]);
      |                                ^~~~~~~
../Core/Src/main.c:26:1: note: include '<stdio.h>' or provide a declaration of 'sprintf'
   25 | #include "gpio.h"
  +++ |+#include <stdio.h>
   26 | 
../Core/Src/main.c:228:32: warning: incompatible implicit declaration of built-in function 'sprintf' [-Wbuiltin-declaration-mismatch]
  228 |                         len += sprintf((char*)(string_buf + len), "%d, ", adc[i]);
      |                                ^~~~~~~
../Core/Src/main.c:228:32: note: include '<stdio.h>' or provide a declaration of 'sprintf'
../Core/Src/main.c:228:69: warning: format '%d' expects argument of type 'int', but argument 3 has type 'uint32_t' {aka 'long unsigned int'} [-Wformat=]
  228 |                         len += sprintf((char*)(string_buf + len), "%d, ", adc[i]);
      |                                                                    ~^     ~~~~~~
      |                                                                     |        |
      |                                                                     int      uint32_t {aka long unsigned int}
      |                                                                    %ld
arm-none-eabi-gcc -o "ArmuroL432.elf" @"objects.list"   -mcpu=cortex-m4 -T"C:\Users\I744722\STM32CubeIDE\workspace_1.15.1\ArmuroL432\STM32L432KCUX_FLASH.ld" --specs=nosys.specs -Wl,-Map="ArmuroL432.map" -Wl,--gc-sections -static --specs=nano.specs -mfpu=fpv4-sp-d16 -mfloat-abi=hard -mthumb -Wl,--start-group -lc -lm -Wl,--end-group
Finished building target: ArmuroL432.elf
 
arm-none-eabi-size  ArmuroL432.elf 
arm-none-eabi-objdump -h -S ArmuroL432.elf  > "ArmuroL432.list"
   text	   data	    bss	    dec	    hex	filename
  24884	     96	   2328	  27308	   6aac	ArmuroL432.elf
Finished building: default.size.stdout
 
Finished building: ArmuroL432.list
 
23:56:17 **** Incremental Build of configuration Debug for project ArmuroL432 ****
make -j8 all 
arm-none-eabi-size  ArmuroL432.elf 
   text	   data	    bss	    dec	    hex	filename
  24884	     96	   2328	  27308	   6aac	ArmuroL432.elf
Finished building: default.size.stdout
 
00:00:56 **** Incremental Build of configuration Debug for project ArmuroL432 ****
make -j8 all 
arm-none-eabi-gcc "../Core/Src/main.c" -mcpu=cortex-m4 -std=gnu11 -g3 -DDEBUG -DUSE_HAL_DRIVER -DSTM32L432xx -c -I../Core/Inc -I../Drivers/STM32L4xx_HAL_Driver/Inc -I../Drivers/STM32L4xx_HAL_Driver/Inc/Legacy -I../Drivers/CMSIS/Device/ST/STM32L4xx/Include -I../Drivers/CMSIS/Include -O0 -ffunction-sections -fdata-sections -Wall -fstack-usage -fcyclomatic-complexity -MMD -MP -MF"Core/Src/main.d" -MT"Core/Src/main.o" --specs=nano.specs -mfpu=fpv4-sp-d16 -mfloat-abi=hard -mthumb -o "Core/Src/main.o"
../Core/Src/main.c: In function 'main':
../Core/Src/main.c:229:28: warning: implicit declaration of function 'sprintf' [-Wimplicit-function-declaration]
  229 |                     len += sprintf((char*)(string_buf + len), ",");
      |                            ^~~~~~~
../Core/Src/main.c:26:1: note: include '<stdio.h>' or provide a declaration of 'sprintf'
   25 | #include "gpio.h"
  +++ |+#include <stdio.h>
   26 | 
../Core/Src/main.c:229:28: warning: incompatible implicit declaration of built-in function 'sprintf' [-Wbuiltin-declaration-mismatch]
  229 |                     len += sprintf((char*)(string_buf + len), ",");
      |                            ^~~~~~~
../Core/Src/main.c:229:28: note: include '<stdio.h>' or provide a declaration of 'sprintf'
../Core/Src/main.c:231:24: warning: incompatible implicit declaration of built-in function 'sprintf' [-Wbuiltin-declaration-mismatch]
  231 |                 len += sprintf((char*)(string_buf + len), "%u", adc[i]);
      |                        ^~~~~~~
../Core/Src/main.c:231:24: note: include '<stdio.h>' or provide a declaration of 'sprintf'
../Core/Src/main.c:231:61: warning: format '%u' expects argument of type 'unsigned int', but argument 3 has type 'uint32_t' {aka 'long unsigned int'} [-Wformat=]
  231 |                 len += sprintf((char*)(string_buf + len), "%u", adc[i]);
      |                                                            ~^   ~~~~~~
      |                                                             |      |
      |                                                             |      uint32_t {aka long unsigned int}
      |                                                             unsigned int
      |                                                            %lu
../Core/Src/main.c:234:20: warning: incompatible implicit declaration of built-in function 'sprintf' [-Wbuiltin-declaration-mismatch]
  234 |             len += sprintf((char*)(string_buf + len), "\n");
      |                    ^~~~~~~
../Core/Src/main.c:234:20: note: include '<stdio.h>' or provide a declaration of 'sprintf'
arm-none-eabi-gcc -o "ArmuroL432.elf" @"objects.list"   -mcpu=cortex-m4 -T"C:\Users\I744722\STM32CubeIDE\workspace_1.15.1\ArmuroL432\STM32L432KCUX_FLASH.ld" --specs=nosys.specs -Wl,-Map="ArmuroL432.map" -Wl,--gc-sections -static --specs=nano.specs -mfpu=fpv4-sp-d16 -mfloat-abi=hard -mthumb -Wl,--start-group -lc -lm -Wl,--end-group
Finished building target: ArmuroL432.elf
 
arm-none-eabi-size  ArmuroL432.elf 
arm-none-eabi-objdump -h -S ArmuroL432.elf  > "ArmuroL432.list"
   text	   data	    bss	    dec	    hex	filename
  24960	     96	   2328	  27384	   6af8	ArmuroL432.elf
Finished building: default.size.stdout
 
Finished building: ArmuroL432.list
 
00:01:17 **** Incremental Build of configuration Debug for project ArmuroL432 ****
make -j8 all 
arm-none-eabi-size  ArmuroL432.elf 
   text	   data	    bss	    dec	    hex	filename
  24960	     96	   2328	  27384	   6af8	ArmuroL432.elf
Finished building: default.size.stdout
 
08:41:11 **** Incremental Build of configuration Debug for project ArmuroL432 ****
make -j8 all 
arm-none-eabi-gcc "../Core/Src/main.c" -mcpu=cortex-m4 -std=gnu11 -g3 -DDEBUG -DUSE_HAL_DRIVER -DSTM32L432xx -c -I../Core/Inc -I../Drivers/STM32L4xx_HAL_Driver/Inc -I../Drivers/STM32L4xx_HAL_Driver/Inc/Legacy -I../Drivers/CMSIS/Device/ST/STM32L4xx/Include -I../Drivers/CMSIS/Include -O0 -ffunction-sections -fdata-sections -Wall -fstack-usage -fcyclomatic-complexity -MMD -MP -MF"Core/Src/main.d" -MT"Core/Src/main.o" --specs=nano.specs -mfpu=fpv4-sp-d16 -mfloat-abi=hard -mthumb -o "Core/Src/main.o"
../Core/Src/main.c: In function 'main':
../Core/Src/main.c:230:28: warning: implicit declaration of function 'sprintf' [-Wimplicit-function-declaration]
  230 |                     len += sprintf((char*)(string_buf + len), ",");
      |                            ^~~~~~~
../Core/Src/main.c:26:1: note: include '<stdio.h>' or provide a declaration of 'sprintf'
   25 | #include "gpio.h"
  +++ |+#include <stdio.h>
   26 | 
../Core/Src/main.c:230:28: warning: incompatible implicit declaration of built-in function 'sprintf' [-Wbuiltin-declaration-mismatch]
  230 |                     len += sprintf((char*)(string_buf + len), ",");
      |                            ^~~~~~~
../Core/Src/main.c:230:28: note: include '<stdio.h>' or provide a declaration of 'sprintf'
../Core/Src/main.c:232:24: warning: incompatible implicit declaration of built-in function 'sprintf' [-Wbuiltin-declaration-mismatch]
  232 |                 len += sprintf((char*)(string_buf + len), "%u", adc[i]);
      |                        ^~~~~~~
../Core/Src/main.c:232:24: note: include '<stdio.h>' or provide a declaration of 'sprintf'
../Core/Src/main.c:232:61: warning: format '%u' expects argument of type 'unsigned int', but argument 3 has type 'uint32_t' {aka 'long unsigned int'} [-Wformat=]
  232 |                 len += sprintf((char*)(string_buf + len), "%u", adc[i]);
      |                                                            ~^   ~~~~~~
      |                                                             |      |
      |                                                             |      uint32_t {aka long unsigned int}
      |                                                             unsigned int
      |                                                            %lu
../Core/Src/main.c:235:20: warning: incompatible implicit declaration of built-in function 'sprintf' [-Wbuiltin-declaration-mismatch]
  235 |             len += sprintf((char*)(string_buf + len), "\n");
      |                    ^~~~~~~
../Core/Src/main.c:235:20: note: include '<stdio.h>' or provide a declaration of 'sprintf'
arm-none-eabi-gcc -o "ArmuroL432.elf" @"objects.list"   -mcpu=cortex-m4 -T"C:\Users\I744722\STM32CubeIDE\workspace_1.15.1\ArmuroL432\STM32L432KCUX_FLASH.ld" --specs=nosys.specs -Wl,-Map="ArmuroL432.map" -Wl,--gc-sections -static --specs=nano.specs -mfpu=fpv4-sp-d16 -mfloat-abi=hard -mthumb -Wl,--start-group -lc -lm -Wl,--end-group
Finished building target: ArmuroL432.elf
 
arm-none-eabi-size  ArmuroL432.elf 
arm-none-eabi-objdump -h -S ArmuroL432.elf  > "ArmuroL432.list"
   text	   data	    bss	    dec	    hex	filename
  25436	    100	   2332	  27868	   6cdc	ArmuroL432.elf
Finished building: default.size.stdout
 
Finished building: ArmuroL432.list
 
14:47:28 **** Build of configuration Debug for project ArmuroL432 ****
make -j8 all 
arm-none-eabi-gcc "../Core/Src/main.c" -mcpu=cortex-m4 -std=gnu11 -g3 -DDEBUG -DUSE_HAL_DRIVER -DSTM32L432xx -c -I../Core/Inc -I../Drivers/STM32L4xx_HAL_Driver/Inc -I../Drivers/STM32L4xx_HAL_Driver/Inc/Legacy -I../Drivers/CMSIS/Device/ST/STM32L4xx/Include -I../Drivers/CMSIS/Include -O0 -ffunction-sections -fdata-sections -Wall -fstack-usage -fcyclomatic-complexity -MMD -MP -MF"Core/Src/main.d" -MT"Core/Src/main.o" --specs=nano.specs -mfpu=fpv4-sp-d16 -mfloat-abi=hard -mthumb -o "Core/Src/main.o"
../Core/Src/main.c: In function 'main':
../Core/Src/main.c:230:28: warning: implicit declaration of function 'sprintf' [-Wimplicit-function-declaration]
  230 |                     len += sprintf((char*)(string_buf + len), ",");
      |                            ^~~~~~~
../Core/Src/main.c:26:1: note: include '<stdio.h>' or provide a declaration of 'sprintf'
   25 | #include "gpio.h"
  +++ |+#include <stdio.h>
   26 | 
../Core/Src/main.c:230:28: warning: incompatible implicit declaration of built-in function 'sprintf' [-Wbuiltin-declaration-mismatch]
  230 |                     len += sprintf((char*)(string_buf + len), ",");
      |                            ^~~~~~~
../Core/Src/main.c:230:28: note: include '<stdio.h>' or provide a declaration of 'sprintf'
../Core/Src/main.c:232:24: warning: incompatible implicit declaration of built-in function 'sprintf' [-Wbuiltin-declaration-mismatch]
  232 |                 len += sprintf((char*)(string_buf + len), "%u", adc[i]);
      |                        ^~~~~~~
../Core/Src/main.c:232:24: note: include '<stdio.h>' or provide a declaration of 'sprintf'
../Core/Src/main.c:232:61: warning: format '%u' expects argument of type 'unsigned int', but argument 3 has type 'uint32_t' {aka 'long unsigned int'} [-Wformat=]
  232 |                 len += sprintf((char*)(string_buf + len), "%u", adc[i]);
      |                                                            ~^   ~~~~~~
      |                                                             |      |
      |                                                             |      uint32_t {aka long unsigned int}
      |                                                             unsigned int
      |                                                            %lu
../Core/Src/main.c:235:20: warning: incompatible implicit declaration of built-in function 'sprintf' [-Wbuiltin-declaration-mismatch]
  235 |             len += sprintf((char*)(string_buf + len), "\n");
      |                    ^~~~~~~
../Core/Src/main.c:235:20: note: include '<stdio.h>' or provide a declaration of 'sprintf'
arm-none-eabi-gcc -o "ArmuroL432.elf" @"objects.list"   -mcpu=cortex-m4 -T"C:\Users\I744722\STM32CubeIDE\workspace_1.15.1\ArmuroL432\STM32L432KCUX_FLASH.ld" --specs=nosys.specs -Wl,-Map="ArmuroL432.map" -Wl,--gc-sections -static --specs=nano.specs -mfpu=fpv4-sp-d16 -mfloat-abi=hard -mthumb -Wl,--start-group -lc -lm -Wl,--end-group
Finished building target: ArmuroL432.elf
 
arm-none-eabi-size  ArmuroL432.elf 
arm-none-eabi-objdump -h -S ArmuroL432.elf  > "ArmuroL432.list"
   text	   data	    bss	    dec	    hex	filename
  24952	     96	   2328	  27376	   6af0	ArmuroL432.elf
Finished building: default.size.stdout
 
Finished building: ArmuroL432.list
 
14:49:09 **** Incremental Build of configuration Debug for project ArmuroL432 ****
make -j8 all 
arm-none-eabi-gcc "../Core/Src/main.c" -mcpu=cortex-m4 -std=gnu11 -g3 -DDEBUG -DUSE_HAL_DRIVER -DSTM32L432xx -c -I../Core/Inc -I../Drivers/STM32L4xx_HAL_Driver/Inc -I../Drivers/STM32L4xx_HAL_Driver/Inc/Legacy -I../Drivers/CMSIS/Device/ST/STM32L4xx/Include -I../Drivers/CMSIS/Include -O0 -ffunction-sections -fdata-sections -Wall -fstack-usage -fcyclomatic-complexity -MMD -MP -MF"Core/Src/main.d" -MT"Core/Src/main.o" --specs=nano.specs -mfpu=fpv4-sp-d16 -mfloat-abi=hard -mthumb -o "Core/Src/main.o"
../Core/Src/main.c: In function 'main':
../Core/Src/main.c:230:28: warning: implicit declaration of function 'sprintf' [-Wimplicit-function-declaration]
  230 |                     len += sprintf((char*)(string_buf + len), ",");
      |                            ^~~~~~~
../Core/Src/main.c:26:1: note: include '<stdio.h>' or provide a declaration of 'sprintf'
   25 | #include "gpio.h"
  +++ |+#include <stdio.h>
   26 | 
../Core/Src/main.c:230:28: warning: incompatible implicit declaration of built-in function 'sprintf' [-Wbuiltin-declaration-mismatch]
  230 |                     len += sprintf((char*)(string_buf + len), ",");
      |                            ^~~~~~~
../Core/Src/main.c:230:28: note: include '<stdio.h>' or provide a declaration of 'sprintf'
../Core/Src/main.c:232:24: warning: incompatible implicit declaration of built-in function 'sprintf' [-Wbuiltin-declaration-mismatch]
  232 |                 len += sprintf((char*)(string_buf + len), "%u", adc[i]);
      |                        ^~~~~~~
../Core/Src/main.c:232:24: note: include '<stdio.h>' or provide a declaration of 'sprintf'
../Core/Src/main.c:232:61: warning: format '%u' expects argument of type 'unsigned int', but argument 3 has type 'uint32_t' {aka 'long unsigned int'} [-Wformat=]
  232 |                 len += sprintf((char*)(string_buf + len), "%u", adc[i]);
      |                                                            ~^   ~~~~~~
      |                                                             |      |
      |                                                             |      uint32_t {aka long unsigned int}
      |                                                             unsigned int
      |                                                            %lu
../Core/Src/main.c:235:20: warning: incompatible implicit declaration of built-in function 'sprintf' [-Wbuiltin-declaration-mismatch]
  235 |             len += sprintf((char*)(string_buf + len), "\n");
      |                    ^~~~~~~
../Core/Src/main.c:235:20: note: include '<stdio.h>' or provide a declaration of 'sprintf'
arm-none-eabi-gcc -o "ArmuroL432.elf" @"objects.list"   -mcpu=cortex-m4 -T"C:\Users\I744722\STM32CubeIDE\workspace_1.15.1\ArmuroL432\STM32L432KCUX_FLASH.ld" --specs=nosys.specs -Wl,-Map="ArmuroL432.map" -Wl,--gc-sections -static --specs=nano.specs -mfpu=fpv4-sp-d16 -mfloat-abi=hard -mthumb -Wl,--start-group -lc -lm -Wl,--end-group
Finished building target: ArmuroL432.elf
 
arm-none-eabi-size  ArmuroL432.elf 
arm-none-eabi-objdump -h -S ArmuroL432.elf  > "ArmuroL432.list"
   text	   data	    bss	    dec	    hex	filename
  25032	     96	   2328	  27456	   6b40	ArmuroL432.elf
Finished building: default.size.stdout
 
Finished building: ArmuroL432.list
 
14:49:25 **** Incremental Build of configuration Debug for project ArmuroL432 ****
make -j8 all 
arm-none-eabi-size  ArmuroL432.elf 
   text	   data	    bss	    dec	    hex	filename
  25032	     96	   2328	  27456	   6b40	ArmuroL432.elf
Finished building: default.size.stdout
 
15:10:25 **** Incremental Build of configuration Debug for project ArmuroL432 ****
make -j8 all 
arm-none-eabi-gcc "../Core/Src/main.c" -mcpu=cortex-m4 -std=gnu11 -g3 -DDEBUG -DUSE_HAL_DRIVER -DSTM32L432xx -c -I../Core/Inc -I../Drivers/STM32L4xx_HAL_Driver/Inc -I../Drivers/STM32L4xx_HAL_Driver/Inc/Legacy -I../Drivers/CMSIS/Device/ST/STM32L4xx/Include -I../Drivers/CMSIS/Include -O0 -ffunction-sections -fdata-sections -Wall -fstack-usage -fcyclomatic-complexity -MMD -MP -MF"Core/Src/main.d" -MT"Core/Src/main.o" --specs=nano.specs -mfpu=fpv4-sp-d16 -mfloat-abi=hard -mthumb -o "Core/Src/main.o"
../Core/Src/main.c: In function 'main':
../Core/Src/main.c:230:40: warning: implicit declaration of function 'sprintf' [-Wimplicit-function-declaration]
  230 |                                 len += sprintf((char*) (string_buf + len), ",");
      |                                        ^~~~~~~
../Core/Src/main.c:26:1: note: include '<stdio.h>' or provide a declaration of 'sprintf'
   25 | #include "gpio.h"
  +++ |+#include <stdio.h>
   26 | 
../Core/Src/main.c:230:40: warning: incompatible implicit declaration of built-in function 'sprintf' [-Wbuiltin-declaration-mismatch]
  230 |                                 len += sprintf((char*) (string_buf + len), ",");
      |                                        ^~~~~~~
../Core/Src/main.c:230:40: note: include '<stdio.h>' or provide a declaration of 'sprintf'
../Core/Src/main.c:232:32: warning: incompatible implicit declaration of built-in function 'sprintf' [-Wbuiltin-declaration-mismatch]
  232 |                         len += sprintf((char*) (string_buf + len), "%u", adc[i]);
      |                                ^~~~~~~
../Core/Src/main.c:232:32: note: include '<stdio.h>' or provide a declaration of 'sprintf'
../Core/Src/main.c:232:70: warning: format '%u' expects argument of type 'unsigned int', but argument 3 has type 'uint32_t' {aka 'long unsigned int'} [-Wformat=]
  232 |                         len += sprintf((char*) (string_buf + len), "%u", adc[i]);
      |                                                                     ~^   ~~~~~~
      |                                                                      |      |
      |                                                                      |      uint32_t {aka long unsigned int}
      |                                                                      unsigned int
      |                                                                     %lu
../Core/Src/main.c:235:24: warning: incompatible implicit declaration of built-in function 'sprintf' [-Wbuiltin-declaration-mismatch]
  235 |                 len += sprintf((char*) (string_buf + len), "\n");
      |                        ^~~~~~~
../Core/Src/main.c:235:24: note: include '<stdio.h>' or provide a declaration of 'sprintf'
arm-none-eabi-gcc -o "ArmuroL432.elf" @"objects.list"   -mcpu=cortex-m4 -T"C:\Users\I744722\STM32CubeIDE\workspace_1.15.1\ArmuroL432\STM32L432KCUX_FLASH.ld" --specs=nosys.specs -Wl,-Map="ArmuroL432.map" -Wl,--gc-sections -static --specs=nano.specs -mfpu=fpv4-sp-d16 -mfloat-abi=hard -mthumb -Wl,--start-group -lc -lm -Wl,--end-group
Finished building target: ArmuroL432.elf
 
arm-none-eabi-size  ArmuroL432.elf 
arm-none-eabi-objdump -h -S ArmuroL432.elf  > "ArmuroL432.list"
   text	   data	    bss	    dec	    hex	filename
  25588	     96	   2328	  28012	   6d6c	ArmuroL432.elf
Finished building: default.size.stdout
 
Finished building: ArmuroL432.list
 
15:11:36 **** Incremental Build of configuration Debug for project ArmuroL432 ****
make -j8 all 
arm-none-eabi-gcc "../Core/Src/main.c" -mcpu=cortex-m4 -std=gnu11 -g3 -DDEBUG -DUSE_HAL_DRIVER -DSTM32L432xx -c -I../Core/Inc -I../Drivers/STM32L4xx_HAL_Driver/Inc -I../Drivers/STM32L4xx_HAL_Driver/Inc/Legacy -I../Drivers/CMSIS/Device/ST/STM32L4xx/Include -I../Drivers/CMSIS/Include -O0 -ffunction-sections -fdata-sections -Wall -fstack-usage -fcyclomatic-complexity -MMD -MP -MF"Core/Src/main.d" -MT"Core/Src/main.o" --specs=nano.specs -mfpu=fpv4-sp-d16 -mfloat-abi=hard -mthumb -o "Core/Src/main.o"
../Core/Src/main.c: In function 'main':
../Core/Src/main.c:230:40: warning: implicit declaration of function 'sprintf' [-Wimplicit-function-declaration]
  230 |                                 len += sprintf((char*) (string_buf + len), ",");
      |                                        ^~~~~~~
../Core/Src/main.c:26:1: note: include '<stdio.h>' or provide a declaration of 'sprintf'
   25 | #include "gpio.h"
  +++ |+#include <stdio.h>
   26 | 
../Core/Src/main.c:230:40: warning: incompatible implicit declaration of built-in function 'sprintf' [-Wbuiltin-declaration-mismatch]
  230 |                                 len += sprintf((char*) (string_buf + len), ",");
      |                                        ^~~~~~~
../Core/Src/main.c:230:40: note: include '<stdio.h>' or provide a declaration of 'sprintf'
../Core/Src/main.c:232:32: warning: incompatible implicit declaration of built-in function 'sprintf' [-Wbuiltin-declaration-mismatch]
  232 |                         len += sprintf((char*) (string_buf + len), "%u", adc[i]);
      |                                ^~~~~~~
../Core/Src/main.c:232:32: note: include '<stdio.h>' or provide a declaration of 'sprintf'
../Core/Src/main.c:232:70: warning: format '%u' expects argument of type 'unsigned int', but argument 3 has type 'uint32_t' {aka 'long unsigned int'} [-Wformat=]
  232 |                         len += sprintf((char*) (string_buf + len), "%u", adc[i]);
      |                                                                     ~^   ~~~~~~
[...]
make -j8 all 
arm-none-eabi-gcc "../Core/Src/main.c" -mcpu=cortex-m4 -std=gnu11 -g3 -DDEBUG -DUSE_HAL_DRIVER -DSTM32L432xx -c -I../Core/Inc -I../Drivers/STM32L4xx_HAL_Driver/Inc -I../Drivers/STM32L4xx_HAL_Driver/Inc/Legacy -I../Drivers/CMSIS/Device/ST/STM32L4xx/Include -I../Drivers/CMSIS/Include -O0 -ffunction-sections -fdata-sections -Wall -fstack-usage -fcyclomatic-complexity -MMD -MP -MF"Core/Src/main.d" -MT"Core/Src/main.o" --specs=nano.specs -mfpu=fpv4-sp-d16 -mfloat-abi=hard -mthumb -o "Core/Src/main.o"
../Core/Src/main.c: In function 'format_encoderValue_to_csv':
../Core/Src/main.c:81:20: warning: implicit declaration of function 'sprintf' [-Wimplicit-function-declaration]
   81 |         *length += sprintf((char*) (buffer + *length), "%lu,", adc_values[1]);
      |                    ^~~~~~~
../Core/Src/main.c:26:1: note: include '<stdio.h>' or provide a declaration of 'sprintf'
   25 | #include "gpio.h"
  +++ |+#include <stdio.h>
   26 | 
../Core/Src/main.c:81:20: warning: incompatible implicit declaration of built-in function 'sprintf' [-Wbuiltin-declaration-mismatch]
   81 |         *length += sprintf((char*) (buffer + *length), "%lu,", adc_values[1]);
      |                    ^~~~~~~
../Core/Src/main.c:81:20: note: include '<stdio.h>' or provide a declaration of 'sprintf'
../Core/Src/main.c: In function 'format_adc_to_csv':
../Core/Src/main.c:124:36: warning: incompatible implicit declaration of built-in function 'sprintf' [-Wbuiltin-declaration-mismatch]
  124 |                         *length += sprintf((char*) (buffer + *length), ",");
      |                                    ^~~~~~~
../Core/Src/main.c:124:36: note: include '<stdio.h>' or provide a declaration of 'sprintf'
../Core/Src/main.c:126:28: warning: incompatible implicit declaration of built-in function 'sprintf' [-Wbuiltin-declaration-mismatch]
  126 |                 *length += sprintf((char*) (buffer + *length), "%lu", adc_values[i]);
      |                            ^~~~~~~
../Core/Src/main.c:126:28: note: include '<stdio.h>' or provide a declaration of 'sprintf'
../Core/Src/main.c:129:20: warning: incompatible implicit declaration of built-in function 'sprintf' [-Wbuiltin-declaration-mismatch]
  129 |         *length += sprintf((char*) (buffer + *length), "\n");
      |                    ^~~~~~~
../Core/Src/main.c:129:20: note: include '<stdio.h>' or provide a declaration of 'sprintf'
arm-none-eabi-gcc -o "ArmuroL432.elf" @"objects.list"   -mcpu=cortex-m4 -T"C:\Users\I744722\STM32CubeIDE\workspace_1.15.1\ArmuroL432\STM32L432KCUX_FLASH.ld" --specs=nosys.specs -Wl,-Map="ArmuroL432.map" -Wl,--gc-sections -static --specs=nano.specs -mfpu=fpv4-sp-d16 -mfloat-abi=hard -mthumb -Wl,--start-group -lc -lm -Wl,--end-group
Finished building target: ArmuroL432.elf
 
arm-none-eabi-size  ArmuroL432.elf 
arm-none-eabi-objdump -h -S ArmuroL432.elf  > "ArmuroL432.list"
   text	   data	    bss	    dec	    hex	filename
  26364	     96	   2376	  28836	   70a4	ArmuroL432.elf
Finished building: default.size.stdout
 
Finished building: ArmuroL432.list
 
16:44:40 **** Incremental Build of configuration Debug for project ArmuroL432 ****
make -j8 all 
arm-none-eabi-gcc "../Core/Src/main.c" -mcpu=cortex-m4 -std=gnu11 -g3 -DDEBUG -DUSE_HAL_DRIVER -DSTM32L432xx -c -I../Core/Inc -I../Drivers/STM32L4xx_HAL_Driver/Inc -I../Drivers/STM32L4xx_HAL_Driver/Inc/Legacy -I../Drivers/CMSIS/Device/ST/STM32L4xx/Include -I../Drivers/CMSIS/Include -O0 -ffunction-sections -fdata-sections -Wall -fstack-usage -fcyclomatic-complexity -MMD -MP -MF"Core/Src/main.d" -MT"Core/Src/main.o" --specs=nano.specs -mfpu=fpv4-sp-d16 -mfloat-abi=hard -mthumb -o "Core/Src/main.o"
../Core/Src/main.c: In function 'format_encoderValue_to_csv':
../Core/Src/main.c:81:20: warning: implicit declaration of function 'sprintf' [-Wimplicit-function-declaration]
   81 |         *length += sprintf((char*) (buffer + *length), "%lu,", adc_values[1]);
      |                    ^~~~~~~
../Core/Src/main.c:26:1: note: include '<stdio.h>' or provide a declaration of 'sprintf'
   25 | #include "gpio.h"
  +++ |+#include <stdio.h>
   26 | 
../Core/Src/main.c:81:20: warning: incompatible implicit declaration of built-in function 'sprintf' [-Wbuiltin-declaration-mismatch]
   81 |         *length += sprintf((char*) (buffer + *length), "%lu,", adc_values[1]);
      |                    ^~~~~~~
../Core/Src/main.c:81:20: note: include '<stdio.h>' or provide a declaration of 'sprintf'
../Core/Src/main.c: In function 'format_adc_to_csv':
../Core/Src/main.c:124:36: warning: incompatible implicit declaration of built-in function 'sprintf' [-Wbuiltin-declaration-mismatch]
  124 |                         *length += sprintf((char*) (buffer + *length), ",");
      |                                    ^~~~~~~
../Core/Src/main.c:124:36: note: include '<stdio.h>' or provide a declaration of 'sprintf'
../Core/Src/main.c:126:28: warning: incompatible implicit declaration of built-in function 'sprintf' [-Wbuiltin-declaration-mismatch]
  126 |                 *length += sprintf((char*) (buffer + *length), "%lu", adc_values[i]);
      |                            ^~~~~~~
../Core/Src/main.c:126:28: note: include '<stdio.h>' or provide a declaration of 'sprintf'
../Core/Src/main.c:129:20: warning: incompatible implicit declaration of built-in function 'sprintf' [-Wbuiltin-declaration-mismatch]
  129 |         *length += sprintf((char*) (buffer + *length), "\n");
      |                    ^~~~~~~
../Core/Src/main.c:129:20: note: include '<stdio.h>' or provide a declaration of 'sprintf'
arm-none-eabi-gcc -o "ArmuroL432.elf" @"objects.list"   -mcpu=cortex-m4 -T"C:\Users\I744722\STM32CubeIDE\workspace_1.15.1\ArmuroL432\STM32L432KCUX_FLASH.ld" --specs=nosys.specs -Wl,-Map="ArmuroL432.map" -Wl,--gc-sections -static --specs=nano.specs -mfpu=fpv4-sp-d16 -mfloat-abi=hard -mthumb -Wl,--start-group -lc -lm -Wl,--end-group
Finished building target: ArmuroL432.elf
 
arm-none-eabi-size  ArmuroL432.elf 
arm-none-eabi-objdump -h -S ArmuroL432.elf  > "ArmuroL432.list"
   text	   data	    bss	    dec	    hex	filename
  26300	     96	   2376	  28772	   7064	ArmuroL432.elf
Finished building: default.size.stdout
 
Finished building: ArmuroL432.list
 
16:47:21 **** Incremental Build of configuration Debug for project ArmuroL432 ****
make -j8 all 
arm-none-eabi-gcc "../Core/Src/main.c" -mcpu=cortex-m4 -std=gnu11 -g3 -DDEBUG -DUSE_HAL_DRIVER -DSTM32L432xx -c -I../Core/Inc -I../Drivers/STM32L4xx_HAL_Driver/Inc -I../Drivers/STM32L4xx_HAL_Driver/Inc/Legacy -I../Drivers/CMSIS/Device/ST/STM32L4xx/Include -I../Drivers/CMSIS/Include -O0 -ffunction-sections -fdata-sections -Wall -fstack-usage -fcyclomatic-complexity -MMD -MP -MF"Core/Src/main.d" -MT"Core/Src/main.o" --specs=nano.specs -mfpu=fpv4-sp-d16 -mfloat-abi=hard -mthumb -o "Core/Src/main.o"
../Core/Src/main.c: In function 'format_encoderValue_to_csv':
../Core/Src/main.c:81:20: warning: implicit declaration of function 'sprintf' [-Wimplicit-function-declaration]
   81 |         *length += sprintf((char*) (buffer + *length), "%lu,", adc_values[1]);
      |                    ^~~~~~~
../Core/Src/main.c:26:1: note: include '<stdio.h>' or provide a declaration of 'sprintf'
   25 | #include "gpio.h"
  +++ |+#include <stdio.h>
   26 | 
../Core/Src/main.c:81:20: warning: incompatible implicit declaration of built-in function 'sprintf' [-Wbuiltin-declaration-mismatch]
   81 |         *length += sprintf((char*) (buffer + *length), "%lu,", adc_values[1]);
      |                    ^~~~~~~
../Core/Src/main.c:81:20: note: include '<stdio.h>' or provide a declaration of 'sprintf'
../Core/Src/main.c: In function 'format_adc_to_csv':
../Core/Src/main.c:124:36: warning: incompatible implicit declaration of built-in function 'sprintf' [-Wbuiltin-declaration-mismatch]
  124 |                         *length += sprintf((char*) (buffer + *length), ",");
      |                                    ^~~~~~~
../Core/Src/main.c:124:36: note: include '<stdio.h>' or provide a declaration of 'sprintf'
../Core/Src/main.c:126:28: warning: incompatible implicit declaration of built-in function 'sprintf' [-Wbuiltin-declaration-mismatch]
  126 |                 *length += sprintf((char*) (buffer + *length), "%lu", adc_values[i]);
      |                            ^~~~~~~
../Core/Src/main.c:126:28: note: include '<stdio.h>' or provide a declaration of 'sprintf'
../Core/Src/main.c:129:20: warning: incompatible implicit declaration of built-in function 'sprintf' [-Wbuiltin-declaration-mismatch]
  129 |         *length += sprintf((char*) (buffer + *length), "\n");
      |                    ^~~~~~~
../Core/Src/main.c:129:20: note: include '<stdio.h>' or provide a declaration of 'sprintf'
arm-none-eabi-gcc -o "ArmuroL432.elf" @"objects.list"   -mcpu=cortex-m4 -T"C:\Users\I744722\STM32CubeIDE\workspace_1.15.1\ArmuroL432\STM32L432KCUX_FLASH.ld" --specs=nosys.specs -Wl,-Map="ArmuroL432.map" -Wl,--gc-sections -static --specs=nano.specs -mfpu=fpv4-sp-d16 -mfloat-abi=hard -mthumb -Wl,--start-group -lc -lm -Wl,--end-group
Finished building target: ArmuroL432.elf
 
arm-none-eabi-size  ArmuroL432.elf 
arm-none-eabi-objdump -h -S ArmuroL432.elf  > "ArmuroL432.list"
   text	   data	    bss	    dec	    hex	filename
  26380	     96	   2376	  28852	   70b4	ArmuroL432.elf
Finished building: default.size.stdout
 
Finished building: ArmuroL432.list
 
16:53:52 **** Incremental Build of configuration Debug for project ArmuroL432 ****
make -j8 all 
arm-none-eabi-gcc "../Core/Src/main.c" -mcpu=cortex-m4 -std=gnu11 -g3 -DDEBUG -DUSE_HAL_DRIVER -DSTM32L432xx -c -I../Core/Inc -I../Drivers/STM32L4xx_HAL_Driver/Inc -I../Drivers/STM32L4xx_HAL_Driver/Inc/Legacy -I../Drivers/CMSIS/Device/ST/STM32L4xx/Include -I../Drivers/CMSIS/Include -O0 -ffunction-sections -fdata-sections -Wall -fstack-usage -fcyclomatic-complexity -MMD -MP -MF"Core/Src/main.d" -MT"Core/Src/main.o" --specs=nano.specs -mfpu=fpv4-sp-d16 -mfloat-abi=hard -mthumb -o "Core/Src/main.o"
../Core/Src/main.c: In function 'format_encoderValue_to_csv':
../Core/Src/main.c:81:20: warning: implicit declaration of function 'sprintf' [-Wimplicit-function-declaration]
   81 |         *length += sprintf((char*) (buffer + *length), "%lu,", adc_values[1]);
      |                    ^~~~~~~
../Core/Src/main.c:26:1: note: include '<stdio.h>' or provide a declaration of 'sprintf'
   25 | #include "gpio.h"
  +++ |+#include <stdio.h>
   26 | 
../Core/Src/main.c:81:20: warning: incompatible implicit declaration of built-in function 'sprintf' [-Wbuiltin-declaration-mismatch]
   81 |         *length += sprintf((char*) (buffer + *length), "%lu,", adc_values[1]);
      |                    ^~~~~~~
../Core/Src/main.c:81:20: note: include '<stdio.h>' or provide a declaration of 'sprintf'
../Core/Src/main.c: In function 'format_adc_to_csv':
../Core/Src/main.c:124:36: warning: incompatible implicit declaration of built-in function 'sprintf' [-Wbuiltin-declaration-mismatch]
  124 |                         *length += sprintf((char*) (buffer + *length), ",");
      |                                    ^~~~~~~
../Core/Src/main.c:124:36: note: include '<stdio.h>' or provide a declaration of 'sprintf'
../Core/Src/main.c:126:28: warning: incompatible implicit declaration of built-in function 'sprintf' [-Wbuiltin-declaration-mismatch]
  126 |                 *length += sprintf((char*) (buffer + *length), "%lu", adc_values[i]);
      |                            ^~~~~~~
../Core/Src/main.c:126:28: note: include '<stdio.h>' or provide a declaration of 'sprintf'
../Core/Src/main.c:129:20: warning: incompatible implicit declaration of built-in function 'sprintf' [-Wbuiltin-declaration-mismatch]
  129 |         *length += sprintf((char*) (buffer + *length), "\n");
      |                    ^~~~~~~
../Core/Src/main.c:129:20: note: include '<stdio.h>' or provide a declaration of 'sprintf'
arm-none-eabi-gcc -o "ArmuroL432.elf" @"objects.list"   -mcpu=cortex-m4 -T"C:\Users\I744722\STM32CubeIDE\workspace_1.15.1\ArmuroL432\STM32L432KCUX_FLASH.ld" --specs=nosys.specs -Wl,-Map="ArmuroL432.map" -Wl,--gc-sections -static --specs=nano.specs -mfpu=fpv4-sp-d16 -mfloat-abi=hard -mthumb -Wl,--start-group -lc -lm -Wl,--end-group
Finished building target: ArmuroL432.elf
 
arm-none-eabi-size  ArmuroL432.elf 
arm-none-eabi-objdump -h -S ArmuroL432.elf  > "ArmuroL432.list"
   text	   data	    bss	    dec	    hex	filename
  26364	     96	   2376	  28836	   70a4	ArmuroL432.elf
Finished building: default.size.stdout
 
Finished building: ArmuroL432.list
 
16:59:19 **** Incremental Build of configuration Debug for project ArmuroL432 ****
make -j8 all 
arm-none-eabi-size  ArmuroL432.elf 
   text	   data	    bss	    dec	    hex	filename
  26364	     96	   2376	  28836	   70a4	ArmuroL432.elf
Finished building: default.size.stdout
 
17:01:29 **** Incremental Build of configuration Debug for project ArmuroL432 ****
make -j8 all 
arm-none-eabi-gcc "../Core/Src/main.c" -mcpu=cortex-m4 -std=gnu11 -g3 -DDEBUG -DUSE_HAL_DRIVER -DSTM32L432xx -c -I../Core/Inc -I../Drivers/STM32L4xx_HAL_Driver/Inc -I../Drivers/STM32L4xx_HAL_Driver/Inc/Legacy -I../Drivers/CMSIS/Device/ST/STM32L4xx/Include -I../Drivers/CMSIS/Include -O0 -ffunction-sections -fdata-sections -Wall -fstack-usage -fcyclomatic-complexity -MMD -MP -MF"Core/Src/main.d" -MT"Core/Src/main.o" --specs=nano.specs -mfpu=fpv4-sp-d16 -mfloat-abi=hard -mthumb -o "Core/Src/main.o"
../Core/Src/main.c: In function 'format_encoderValue_to_csv':
../Core/Src/main.c:81:20: warning: implicit declaration of function 'sprintf' [-Wimplicit-function-declaration]
   81 |         *length += sprintf((char*) (buffer + *length), "%lu,", adc_values[1]);
      |                    ^~~~~~~
../Core/Src/main.c:26:1: note: include '<stdio.h>' or provide a declaration of 'sprintf'
   25 | #include "gpio.h"
  +++ |+#include <stdio.h>
   26 | 
../Core/Src/main.c:81:20: warning: incompatible implicit declaration of built-in function 'sprintf' [-Wbuiltin-declaration-mismatch]
   81 |         *length += sprintf((char*) (buffer + *length), "%lu,", adc_values[1]);
      |                    ^~~~~~~
../Core/Src/main.c:81:20: note: include '<stdio.h>' or provide a declaration of 'sprintf'
../Core/Src/main.c: In function 'format_adc_to_csv':
../Core/Src/main.c:124:36: warning: incompatible implicit declaration of built-in function 'sprintf' [-Wbuiltin-declaration-mismatch]
  124 |                         *length += sprintf((char*) (buffer + *length), ",");
      |                                    ^~~~~~~
../Core/Src/main.c:124:36: note: include '<stdio.h>' or provide a declaration of 'sprintf'
../Core/Src/main.c:126:28: warning: incompatible implicit declaration of built-in function 'sprintf' [-Wbuiltin-declaration-mismatch]
  126 |                 *length += sprintf((char*) (buffer + *length), "%lu", adc_values[i]);
      |                            ^~~~~~~
../Core/Src/main.c:126:28: note: include '<stdio.h>' or provide a declaration of 'sprintf'
../Core/Src/main.c:129:20: warning: incompatible implicit declaration of built-in function 'sprintf' [-Wbuiltin-declaration-mismatch]
  129 |         *length += sprintf((char*) (buffer + *length), "\n");
      |                    ^~~~~~~
../Core/Src/main.c:129:20: note: include '<stdio.h>' or provide a declaration of 'sprintf'
arm-none-eabi-gcc -o "ArmuroL432.elf" @"objects.list"   -mcpu=cortex-m4 -T"C:\Users\I744722\STM32CubeIDE\workspace_1.15.1\ArmuroL432\STM32L432KCUX_FLASH.ld" --specs=nosys.specs -Wl,-Map="ArmuroL432.map" -Wl,--gc-sections -static --specs=nano.specs -mfpu=fpv4-sp-d16 -mfloat-abi=hard -mthumb -Wl,--start-group -lc -lm -Wl,--end-group
Finished building target: ArmuroL432.elf
 
arm-none-eabi-size  ArmuroL432.elf 
arm-none-eabi-objdump -h -S ArmuroL432.elf  > "ArmuroL432.list"
   text	   data	    bss	    dec	    hex	filename
  26424	     96	   2376	  28896	   70e0	ArmuroL432.elf
Finished building: default.size.stdout
 
Finished building: ArmuroL432.list
 
17:02:21 **** Incremental Build of configuration Debug for project ArmuroL432 ****
make -j8 all 
arm-none-eabi-size  ArmuroL432.elf 
   text	   data	    bss	    dec	    hex	filename
  26424	     96	   2376	  28896	   70e0	ArmuroL432.elf
Finished building: default.size.stdout
 
17:03:47 **** Incremental Build of configuration Debug for project ArmuroL432 ****
make -j8 all 
arm-none-eabi-size  ArmuroL432.elf 
   text	   data	    bss	    dec	    hex	filename
  26424	     96	   2376	  28896	   70e0	ArmuroL432.elf
Finished building: default.size.stdout
 
17:17:44 **** Incremental Build of configuration Debug for project ArmuroL432 ****
make -j8 all 
arm-none-eabi-gcc "../Core/Src/main.c" -mcpu=cortex-m4 -std=gnu11 -g3 -DDEBUG -DUSE_HAL_DRIVER -DSTM32L432xx -c -I../Core/Inc -I../Drivers/STM32L4xx_HAL_Driver/Inc -I../Drivers/STM32L4xx_HAL_Driver/Inc/Legacy -I../Drivers/CMSIS/Device/ST/STM32L4xx/Include -I../Drivers/CMSIS/Include -O0 -ffunction-sections -fdata-sections -Wall -fstack-usage -fcyclomatic-complexity -MMD -MP -MF"Core/Src/main.d" -MT"Core/Src/main.o" --specs=nano.specs -mfpu=fpv4-sp-d16 -mfloat-abi=hard -mthumb -o "Core/Src/main.o"
../Core/Src/main.c: In function 'format_encoderValue_to_csv':
../Core/Src/main.c:81:20: warning: implicit declaration of function 'sprintf' [-Wimplicit-function-declaration]
   81 |         *length += sprintf((char*) (buffer + *length), "%lu,", adc_values[1]);
      |                    ^~~~~~~
../Core/Src/main.c:26:1: note: include '<stdio.h>' or provide a declaration of 'sprintf'
   25 | #include "gpio.h"
  +++ |+#include <stdio.h>
   26 | 
../Core/Src/main.c:81:20: warning: incompatible implicit declaration of built-in function 'sprintf' [-Wbuiltin-declaration-mismatch]
   81 |         *length += sprintf((char*) (buffer + *length), "%lu,", adc_values[1]);
      |                    ^~~~~~~
../Core/Src/main.c:81:20: note: include '<stdio.h>' or provide a declaration of 'sprintf'
../Core/Src/main.c: In function 'format_adc_to_csv':
../Core/Src/main.c:124:36: warning: incompatible implicit declaration of built-in function 'sprintf' [-Wbuiltin-declaration-mismatch]
  124 |                         *length += sprintf((char*) (buffer + *length), ",");
      |                                    ^~~~~~~
../Core/Src/main.c:124:36: note: include '<stdio.h>' or provide a declaration of 'sprintf'
../Core/Src/main.c:126:28: warning: incompatible implicit declaration of built-in function 'sprintf' [-Wbuiltin-declaration-mismatch]
  126 |                 *length += sprintf((char*) (buffer + *length), "%lu", adc_values[i]);
      |                            ^~~~~~~
../Core/Src/main.c:126:28: note: include '<stdio.h>' or provide a declaration of 'sprintf'
../Core/Src/main.c:129:20: warning: incompatible implicit declaration of built-in function 'sprintf' [-Wbuiltin-declaration-mismatch]
  129 |         *length += sprintf((char*) (buffer + *length), "\n");
      |                    ^~~~~~~
../Core/Src/main.c:129:20: note: include '<stdio.h>' or provide a declaration of 'sprintf'
arm-none-eabi-gcc -o "ArmuroL432.elf" @"objects.list"   -mcpu=cortex-m4 -T"C:\Users\I744722\STM32CubeIDE\workspace_1.15.1\ArmuroL432\STM32L432KCUX_FLASH.ld" --specs=nosys.specs -Wl,-Map="ArmuroL432.map" -Wl,--gc-sections -static --specs=nano.specs -mfpu=fpv4-sp-d16 -mfloat-abi=hard -mthumb -Wl,--start-group -lc -lm -Wl,--end-group
Finished building target: ArmuroL432.elf
 
arm-none-eabi-size  ArmuroL432.elf 
arm-none-eabi-objdump -h -S ArmuroL432.elf  > "ArmuroL432.list"
   text	   data	    bss	    dec	    hex	filename
  26420	     96	   2376	  28892	   70dc	ArmuroL432.elf
Finished building: default.size.stdout
 
Finished building: ArmuroL432.list
 
17:18:19 **** Incremental Build of configuration Debug for project ArmuroL432 ****
make -j8 all 
arm-none-eabi-size  ArmuroL432.elf 
   text	   data	    bss	    dec	    hex	filename
  26420	     96	   2376	  28892	   70dc	ArmuroL432.elf
Finished building: default.size.stdout
 
